Component: ARM Compiler 5.06 update 6 (build 750) Tool: armlink [4d35ed]

==============================================================================

Section Cross References

    main.o(i.main) refers to misc.o(i.NVIC_PriorityGroupConfig) for NVIC_PriorityGroupConfig
    main.o(i.main) refers to gpio.o(i.gpio_init) for gpio_init
    main.o(i.main) refers to i2c.o(i.iic_init) for iic_init
    main.o(i.main) refers to adc.o(i.adc_init) for adc_init
    main.o(i.main) refers to timer.o(i.timer_init) for timer_init
    main.o(i.main) refers to uart.o(i.uart1_init) for uart1_init
    main.o(i.main) refers to uart.o(i.uart3_init) for uart3_init
    main.o(i.main) refers to dac.o(i.dac_init) for dac_init
    main.o(i.main) refers to key.o(i.Key_Config) for Key_Config
    main.o(i.main) refers to motor.o(i.Motor_Init) for Motor_Init
    main.o(i.main) refers to pid.o(i.PID_init) for PID_init
    main.o(i.main) refers to led.o(i.LED_Task) for LED_Task
    main.o(i.main) refers to key.o(i.Key_Task) for Key_Task
    main.o(i.main) refers to debug.o(i.Debug_Task) for Debug_Task
    main.o(i.main) refers to main.o(.data) for .data
    key.o(i.Key_Config) refers to key.o(.bss) for .bss
    key.o(i.Key_Scan) refers to stm32f4xx_gpio.o(i.GPIO_ReadInputDataBit) for GPIO_ReadInputDataBit
    key.o(i.Key_Scan) refers to key.o(i.Key_ParaInit) for Key_ParaInit
    key.o(i.Key_Task) refers to timer.o(i.Get_Systick_Timer) for Get_Systick_Timer
    key.o(i.Key_Task) refers to key.o(i.Key_Scan) for Key_Scan
    key.o(i.Key_Task) refers to key.o(.data) for .data
    key.o(i.Key_Task) refers to key.o(.bss) for .bss
    motor.o(i.MCL_HighFrequency_Task) refers to foc.o(i.FOC_Algorithm) for FOC_Algorithm
    motor.o(i.MCL_MediumFrequency_Task) refers to foc.o(i.Get_Vbus_Voltage) for Get_Vbus_Voltage
    motor.o(i.MCL_MediumFrequency_Task) refers to abs_encoder.o(i.ABS_Encoder_CalcAvrgMecSpeed) for ABS_Encoder_CalcAvrgMecSpeed
    motor.o(i.MCL_MediumFrequency_Task) refers to motor.o(i.Motor_Start) for Motor_Start
    motor.o(i.MCL_MediumFrequency_Task) refers to pid.o(i.Speed_PID_Calc) for Speed_PID_Calc
    motor.o(i.MCL_MediumFrequency_Task) refers to led.o(i.LED1_ON) for LED1_ON
    motor.o(i.MCL_MediumFrequency_Task) refers to pid.o(i.PID_Reset) for PID_Reset
    motor.o(i.MCL_MediumFrequency_Task) refers to foc.o(i.FOC_Reset) for FOC_Reset
    motor.o(i.MCL_MediumFrequency_Task) refers to abs_encoder.o(i.ABS_Encoder_Reset) for ABS_Encoder_Reset
    motor.o(i.MCL_MediumFrequency_Task) refers to led.o(i.LED1_OFF) for LED1_OFF
    motor.o(i.MCL_MediumFrequency_Task) refers to stm32f4xx_gpio.o(i.GPIO_ResetBits) for GPIO_ResetBits
    motor.o(i.MCL_MediumFrequency_Task) refers to foc.o(.bss) for FOC_Input
    motor.o(i.MCL_MediumFrequency_Task) refers to motor.o(.data) for .data
    motor.o(i.MCL_MediumFrequency_Task) refers to key.o(.bss) for button
    motor.o(i.MCL_MediumFrequency_Task) refers to abs_encoder.o(.bss) for ABS_Encoder
    motor.o(i.MCL_MediumFrequency_Task) refers to pid.o(.bss) for Speed_InitStructure
    motor.o(i.Motor_Init) refers to motor.o(.data) for .data
    motor.o(i.Motor_Start) refers to abs_encoder.o(i.ABS_Encoder_DMA_SendData) for ABS_Encoder_DMA_SendData
    motor.o(i.Motor_Start) refers to motor.o(i.SVPWM_CurrentReadingCalibration) for SVPWM_CurrentReadingCalibration
    motor.o(i.Motor_Start) refers to stm32f4xx_gpio.o(i.GPIO_SetBits) for GPIO_SetBits
    motor.o(i.Motor_Start) refers to pid.o(i.PID_Reset) for PID_Reset
    motor.o(i.Motor_Start) refers to abs_encoder.o(.bss) for ABS_Encoder
    motor.o(i.Motor_Start) refers to foc.o(.bss) for FOC_Input
    motor.o(i.SVPWM_CurrentReadingCalibration) refers to stm32f4xx_adc.o(i.ADC_ITConfig) for ADC_ITConfig
    motor.o(i.SVPWM_CurrentReadingCalibration) refers to stm32f4xx_adc.o(i.ADC_ExternalTrigInjectedConvEdgeConfig) for ADC_ExternalTrigInjectedConvEdgeConfig
    motor.o(i.SVPWM_CurrentReadingCalibration) refers to stm32f4xx_adc.o(i.ADC_InjectedSequencerLengthConfig) for ADC_InjectedSequencerLengthConfig
    motor.o(i.SVPWM_CurrentReadingCalibration) refers to stm32f4xx_adc.o(i.ADC_InjectedChannelConfig) for ADC_InjectedChannelConfig
    motor.o(i.SVPWM_CurrentReadingCalibration) refers to stm32f4xx_adc.o(i.ADC_Cmd) for ADC_Cmd
    motor.o(i.SVPWM_CurrentReadingCalibration) refers to stm32f4xx_adc.o(i.ADC_ClearFlag) for ADC_ClearFlag
    motor.o(i.SVPWM_CurrentReadingCalibration) refers to stm32f4xx_adc.o(i.ADC_SoftwareStartInjectedConv) for ADC_SoftwareStartInjectedConv
    motor.o(i.SVPWM_CurrentReadingCalibration) refers to stm32f4xx_adc.o(i.ADC_GetFlagStatus) for ADC_GetFlagStatus
    motor.o(i.SVPWM_CurrentReadingCalibration) refers to stm32f4xx_adc.o(i.ADC_GetInjectedConversionValue) for ADC_GetInjectedConversionValue
    motor.o(i.SVPWM_CurrentReadingCalibration) refers to stm32f4xx_adc.o(i.ADC_ExternalTrigInjectedConvConfig) for ADC_ExternalTrigInjectedConvConfig
[...]
    .ARM.Collect$$libinit$$00000032          0x08000202   Section        0  libinit2.o(.ARM.Collect$$libinit$$00000032)
    .ARM.Collect$$libinit$$00000033          0x08000202   Section        2  libinit2.o(.ARM.Collect$$libinit$$00000033)
    .ARM.Collect$$libshutdown$$00000000      0x08000204   Section        2  libshutdown.o(.ARM.Collect$$libshutdown$$00000000)
    .ARM.Collect$$libshutdown$$00000002      0x08000206   Section        0  libshutdown2.o(.ARM.Collect$$libshutdown$$00000002)
    .ARM.Collect$$libshutdown$$00000004      0x08000206   Section        0  libshutdown2.o(.ARM.Collect$$libshutdown$$00000004)
    .ARM.Collect$$libshutdown$$00000007      0x08000206   Section        0  libshutdown2.o(.ARM.Collect$$libshutdown$$00000007)
    .ARM.Collect$$libshutdown$$0000000A      0x08000206   Section        0  libshutdown2.o(.ARM.Collect$$libshutdown$$0000000A)
    .ARM.Collect$$libshutdown$$0000000C      0x08000206   Section        0  libshutdown2.o(.ARM.Collect$$libshutdown$$0000000C)
    .ARM.Collect$$libshutdown$$0000000F      0x08000206   Section        0  libshutdown2.o(.ARM.Collect$$libshutdown$$0000000F)
    .ARM.Collect$$libshutdown$$00000010      0x08000206   Section        2  libshutdown2.o(.ARM.Collect$$libshutdown$$00000010)
    .ARM.Collect$$rtentry$$00000000          0x08000208   Section        0  __rtentry.o(.ARM.Collect$$rtentry$$00000000)
    .ARM.Collect$$rtentry$$00000002          0x08000208   Section        0  __rtentry2.o(.ARM.Collect$$rtentry$$00000002)
    .ARM.Collect$$rtentry$$00000004          0x08000208   Section        6  __rtentry4.o(.ARM.Collect$$rtentry$$00000004)
    .ARM.Collect$$rtentry$$00000009          0x0800020e   Section        0  __rtentry2.o(.ARM.Collect$$rtentry$$00000009)
    .ARM.Collect$$rtentry$$0000000A          0x0800020e   Section        4  __rtentry2.o(.ARM.Collect$$rtentry$$0000000A)
    .ARM.Collect$$rtentry$$0000000C          0x08000212   Section        0  __rtentry2.o(.ARM.Collect$$rtentry$$0000000C)
    .ARM.Collect$$rtentry$$0000000D          0x08000212   Section        8  __rtentry2.o(.ARM.Collect$$rtentry$$0000000D)
    .ARM.Collect$$rtexit$$00000000           0x0800021a   Section        2  rtexit.o(.ARM.Collect$$rtexit$$00000000)
    .ARM.Collect$$rtexit$$00000002           0x0800021c   Section        0  rtexit2.o(.ARM.Collect$$rtexit$$00000002)
    .ARM.Collect$$rtexit$$00000003           0x0800021c   Section        4  rtexit2.o(.ARM.Collect$$rtexit$$00000003)
    .ARM.Collect$$rtexit$$00000004           0x08000220   Section        6  rtexit2.o(.ARM.Collect$$rtexit$$00000004)
    .text                                    0x08000228   Section       64  startup_stm32f40_41xxx.o(.text)
    $v0                                      0x08000228   Number         0  startup_stm32f40_41xxx.o(.text)
    .text                                    0x08000268   Section        2  use_no_semi_2.o(.text)
    .text                                    0x0800026a   Section      138  rt_memcpy_v6.o(.text)
    .text                                    0x080002f4   Section        0  heapauxi.o(.text)
    .text                                    0x080002fa   Section        2  use_no_semi.o(.text)
    .text                                    0x080002fc   Section      100  rt_memcpy_w.o(.text)
    .text                                    0x08000360   Section       74  sys_stackheap_outer.o(.text)
    .text                                    0x080003aa   Section        0  exit.o(.text)
    .text                                    0x080003bc   Section        8  libspace.o(.text)
    i.ABS_Encoder_CalcAngle                  0x080003c4   Section        0  abs_encoder.o(i.ABS_Encoder_CalcAngle)
    i.ABS_Encoder_CalcAvrgMecSpeed           0x0800043c   Section        0  abs_encoder.o(i.ABS_Encoder_CalcAvrgMecSpeed)
    i.ABS_Encoder_Calibration                0x0800050c   Section        0  abs_encoder.o(i.ABS_Encoder_Calibration)
    i.ABS_Encoder_DMA_DataProcess            0x08000634   Section        0  abs_encoder.o(i.ABS_Encoder_DMA_DataProcess)
    i.ABS_Encoder_DMA_SendData               0x08000684   Section        0  abs_encoder.o(i.ABS_Encoder_DMA_SendData)
    i.ABS_Encoder_Reset                      0x080006a0   Section        0  abs_encoder.o(i.ABS_Encoder_Reset)
    i.ADC_ClearFlag                          0x080006d0   Section        0  stm32f4xx_adc.o(i.ADC_ClearFlag)
    i.ADC_Cmd                                0x080006d6   Section        0  stm32f4xx_adc.o(i.ADC_Cmd)
    i.ADC_CommonInit                         0x080006ec   Section        0  stm32f4xx_adc.o(i.ADC_CommonInit)
    i.ADC_DMACmd                             0x08000718   Section        0  stm32f4xx_adc.o(i.ADC_DMACmd)
    i.ADC_DMARequestAfterLastTransferCmd     0x0800072c   Section        0  stm32f4xx_adc.o(i.ADC_DMARequestAfterLastTransferCmd)
    i.ADC_DeInit                             0x08000740   Section        0  stm32f4xx_adc.o(i.ADC_DeInit)
    i.ADC_ExternalTrigInjectedConvConfig     0x08000758   Section        0  stm32f4xx_adc.o(i.ADC_ExternalTrigInjectedConvConfig)
    i.ADC_ExternalTrigInjectedConvEdgeConfig 0x08000764   Section        0  stm32f4xx_adc.o(i.ADC_ExternalTrigInjectedConvEdgeConfig)
    i.ADC_GetFlagStatus                      0x08000770   Section        0  stm32f4xx_adc.o(i.ADC_GetFlagStatus)
    i.ADC_GetInjectedConversionValue         0x0800077e   Section        0  stm32f4xx_adc.o(i.ADC_GetInjectedConversionValue)
    i.ADC_IRQHandler                         0x0800078c   Section        0  adc.o(i.ADC_IRQHandler)
    i.ADC_ITConfig                           0x080007d0   Section        0  stm32f4xx_adc.o(i.ADC_ITConfig)
    i.ADC_Init                               0x080007e4   Section        0  stm32f4xx_adc.o(i.ADC_Init)
    i.ADC_InjectedChannelConfig              0x08000830   Section        0  stm32f4xx_adc.o(i.ADC_InjectedChannelConfig)
    i.ADC_InjectedSequencerLengthConfig      0x0800087a   Section        0  stm32f4xx_adc.o(i.ADC_InjectedSequencerLengthConfig)
    i.ADC_RegularChannelConfig               0x0800088a   Section        0  stm32f4xx_adc.o(i.ADC_RegularChannelConfig)
    i.ADC_SoftwareStartConv                  0x080008fe   Section        0  stm32f4xx_adc.o(i.ADC_SoftwareStartConv)
    i.ADC_SoftwareStartInjectedConv          0x08000908   Section        0  stm32f4xx_adc.o(i.ADC_SoftwareStartInjectedConv)
    i.Angle_To_Cos_Sin                       0x08000912   Section        0  foc.o(i.Angle_To_Cos_Sin)
    i.BusFault_Handler                       0x08000938   Section        0  stm32f4xx_it.o(i.BusFault_Handler)
    i.CRC8_ChkValue                          0x0800093c   Section        0  abs_encoder.o(i.CRC8_ChkValue)
    i.Clarke_Transf                          0x0800096c   Section        0  foc.o(i.Clarke_Transf)
    i.Current_PID_Calc                       0x080009ac   Section        0  pid.o(i.Current_PID_Calc)
    i.DAC_Cmd                                0x08000a30   Section        0  stm32f4xx_dac.o(i.DAC_Cmd)
    i.DAC_Init                               0x08000a48   Section        0  stm32f4xx_dac.o(i.DAC_Init)
    i.DMA1_Stream3_IRQHandler                0x08000a70   Section        0  uart.o(i.DMA1_Stream3_IRQHandler)
    i.DMA2_Stream5_IRQHandler                0x08000ab4   Section        0  uart.o(i.DMA2_Stream5_IRQHandler)
    i.DMA2_Stream7_IRQHandler                0x08000b00   Section        0  uart.o(i.DMA2_Stream7_IRQHandler)
    i.DMA_ClearFlag                          0x08000b44   Section        0  stm32f4xx_dma.o(i.DMA_ClearFlag)
    i.DMA_Cmd                                0x08000b70   Section        0  stm32f4xx_dma.o(i.DMA_Cmd)
    i.DMA_DeInit                             0x08000b84   Section        0  stm32f4xx_dma.o(i.DMA_DeInit)
    i.DMA_GetCmdStatus                       0x08000ca8   Section        0  stm32f4xx_dma.o(i.DMA_GetCmdStatus)
    i.DMA_GetCurrDataCounter                 0x08000cb6   Section        0  stm32f4xx_dma.o(i.DMA_GetCurrDataCounter)
    i.DMA_GetFlagStatus                      0x08000cbc   Section        0  stm32f4xx_dma.o(i.DMA_GetFlagStatus)
    i.DMA_ITConfig                           0x08000cf0   Section        0  stm32f4xx_dma.o(i.DMA_ITConfig)
    i.DMA_Init                               0x08000d1c   Section        0  stm32f4xx_dma.o(i.DMA_Init)
    i.DMA_MemoryTargetConfig                 0x08000d70   Section        0  stm32f4xx_dma.o(i.DMA_MemoryTargetConfig)
    i.DMA_SetCurrDataCounter                 0x08000d7a   Section        0  stm32f4xx_dma.o(i.DMA_SetCurrDataCounter)
    i.DebugMon_Handler                       0x08000d7e   Section        0  stm32f4xx_it.o(i.DebugMon_Handler)
    i.Debug_Task                             0x08000d80   Section        0  debug.o(i.Debug_Task)
    i.FOC_Algorithm                          0x08000d84   Section        0  foc.o(i.FOC_Algorithm)
    i.FOC_Reset                              0x08000e5c   Section        0  foc.o(i.FOC_Reset)
    i.GPIO_Init                              0x08000e70   Section        0  stm32f4xx_gpio.o(i.GPIO_Init)
    i.GPIO_PinAFConfig                       0x08000f12   Section        0  stm32f4xx_gpio.o(i.GPIO_PinAFConfig)
    i.GPIO_ReadInputDataBit                  0x08000f32   Section        0  stm32f4xx_gpio.o(i.GPIO_ReadInputDataBit)
    i.GPIO_ResetBits                         0x08000f40   Section        0  stm32f4xx_gpio.o(i.GPIO_ResetBits)
    i.GPIO_SetBits                           0x08000f44   Section        0  stm32f4xx_gpio.o(i.GPIO_SetBits)
    i.GPIO_ToggleBits                        0x08000f48   Section        0  stm32f4xx_gpio.o(i.GPIO_ToggleBits)
    i.Get_PhaseCurrentValues                 0x08000f50   Section        0  foc.o(i.Get_PhaseCurrentValues)
    i.Get_Systick_Timer                      0x0800104c   Section        0  timer.o(i.Get_Systick_Timer)
    i.Get_Vbus_Voltage                       0x08001058   Section        0  foc.o(i.Get_Vbus_Voltage)
    i.HardFault_Handler                      0x0800107c   Section        0  stm32f4xx_it.o(i.HardFault_Handler)
    i.I2C_AcknowledgeConfig                  0x0800107e   Section        0  stm32f4xx_i2c.o(i.I2C_AcknowledgeConfig)
    i.I2C_CheckEvent                         0x08001092   Section        0  stm32f4xx_i2c.o(i.I2C_CheckEvent)
    i.I2C_ClearFlag                          0x080010aa   Section        0  stm32f4xx_i2c.o(i.I2C_ClearFlag)
    i.I2C_Cmd                                0x080010b0   Section        0  stm32f4xx_i2c.o(i.I2C_Cmd)
    i.I2C_DeInit                             0x080010c4   Section        0  stm32f4xx_i2c.o(i.I2C_DeInit)
    i.I2C_GenerateSTART                      0x08001108   Section        0  stm32f4xx_i2c.o(i.I2C_GenerateSTART)
    i.I2C_GenerateSTOP                       0x0800111c   Section        0  stm32f4xx_i2c.o(i.I2C_GenerateSTOP)
    i.I2C_GetFlagStatus                      0x08001130   Section        0  stm32f4xx_i2c.o(i.I2C_GetFlagStatus)
    i.I2C_Init                               0x0800115c   Section        0  stm32f4xx_i2c.o(i.I2C_Init)
    i.I2C_Send7bitAddress                    0x08001214   Section        0  stm32f4xx_i2c.o(i.I2C_Send7bitAddress)
    i.I2C_SendData                           0x08001224   Section        0  stm32f4xx_i2c.o(i.I2C_SendData)
    i.IIC_AT24C02_BufferWrite                0x08001228   Section        0  at24c02.o(i.IIC_AT24C02_BufferWrite)
    i.IIC_AT24C02_PageWrite                  0x080012c0   Section        0  at24c02.o(i.IIC_AT24C02_PageWrite)
    i.IIC_Waite_AT24C02_Standby              0x08001368   Section        0  at24c02.o(i.IIC_Waite_AT24C02_Standby)
    i.Key_Config                             0x080013b0   Section        0  key.o(i.Key_Config)
    i.Key_ParaInit                           0x080013d0   Section        0  key.o(i.Key_ParaInit)
    i.Key_Scan                               0x080013da   Section        0  key.o(i.Key_Scan)
    i.Key_Task                               0x08001470   Section        0  key.o(i.Key_Task)
    i.LED1_OFF                               0x080014a4   Section        0  led.o(i.LED1_OFF)
    i.LED1_ON                                0x080014b0   Section        0  led.o(i.LED1_ON)
    i.LED_Task                               0x080014bc   Section        0  led.o(i.LED_Task)
    i.MCL_HighFrequency_Task                 0x080014f4   Section        0  motor.o(i.MCL_HighFrequency_Task)
    i.MCL_MediumFrequency_Task               0x080014f8   Section        0  motor.o(i.MCL_MediumFrequency_Task)
    i.MemManage_Handler                      0x0800161c   Section        0  stm32f4xx_it.o(i.MemManage_Handler)
    i.Motor_Init                             0x08001620   Section        0  motor.o(i.Motor_Init)
    i.Motor_Start                            0x08001634   Section        0  motor.o(i.Motor_Start)
    Motor_Start                              0x08001635   Thumb Code    52  motor.o(i.Motor_Start)
    i.NMI_Handler                            0x08001678   Section        0  stm32f4xx_it.o(i.NMI_Handler)
    i.NVIC_Init                              0x0800167c   Section        0  misc.o(i.NVIC_Init)
    i.NVIC_PriorityGroupConfig               0x080016e0   Section        0  misc.o(i.NVIC_PriorityGroupConfig)
    i.PID_Init_Id                            0x080016f4   Section        0  pid.o(i.PID_Init_Id)
    i.PID_Init_Iq                            0x08001744   Section        0  pid.o(i.PID_Init_Iq)
    i.PID_Init_Speed                         0x08001794   Section        0  pid.o(i.PID_Init_Speed)
    i.PID_Reset                              0x080017dc   Section        0  pid.o(i.PID_Reset)
    i.PID_init                               0x08001808   Section        0  pid.o(i.PID_init)
    i.Park_Transf                            0x08001828   Section        0  foc.o(i.Park_Transf)
    i.PendSV_Handler                         0x08001842   Section        0  stm32f4xx_it.o(i.PendSV_Handler)
    i.RCC_AHB1PeriphClockCmd                 0x08001844   Section        0  stm32f4xx_rcc.o(i.RCC_AHB1PeriphClockCmd)
    i.RCC_APB1PeriphClockCmd                 0x0800185c   Section        0  stm32f4xx_rcc.o(i.RCC_APB1PeriphClockCmd)
    i.RCC_APB1PeriphResetCmd                 0x08001874   Section        0  stm32f4xx_rcc.o(i.RCC_APB1PeriphResetCmd)
    i.RCC_APB2PeriphClockCmd                 0x0800188c   Section        0  stm32f4xx_rcc.o(i.RCC_APB2PeriphClockCmd)
    i.RCC_APB2PeriphResetCmd                 0x080018a4   Section        0  stm32f4xx_rcc.o(i.RCC_APB2PeriphResetCmd)
    i.RCC_GetClocksFreq                      0x080018bc   Section        0  stm32f4xx_rcc.o(i.RCC_GetClocksFreq)
    i.Rev_Park_Transf                        0x0800194c   Section        0  foc.o(i.Rev_Park_Transf)
    i.SVC_Handler                            0x08001966   Section        0  stm32f4xx_it.o(i.SVC_Handler)
    i.SVPWM_Calc                             0x08001968   Section        0  foc.o(i.SVPWM_Calc)
    i.SVPWM_CurrentReadingCalibration        0x08001b74   Section        0  motor.o(i.SVPWM_CurrentReadingCalibration)
    SVPWM_CurrentReadingCalibration          0x08001b75   Thumb Code   294  motor.o(i.SVPWM_CurrentReadingCalibration)
    i.SetSysClock                            0x08001ca4   Section        0  system_stm32f4xx.o(i.SetSysClock)
    SetSysClock                              0x08001ca5   Thumb Code   162  system_stm32f4xx.o(i.SetSysClock)
    i.Speed_PID_Calc                         0x08001d58   Section        0  pid.o(i.Speed_PID_Calc)
    i.SysTick_Handler                        0x08001ddc   Section        0  stm32f4xx_it.o(i.SysTick_Handler)
    i.SystemInit                             0x08001de0   Section        0  system_stm32f4xx.o(i.SystemInit)
    i.TIM7_IRQHandler                        0x08001e3c   Section        0  timer.o(i.TIM7_IRQHandler)
    i.TIM_BDTRConfig                         0x08001e7c   Section        0  stm32f4xx_tim.o(i.TIM_BDTRConfig)
    i.TIM_ClearFlag                          0x08001e9e   Section        0  stm32f4xx_tim.o(i.TIM_ClearFlag)
    i.TIM_ClearITPendingBit                  0x08001ea4   Section        0  stm32f4xx_tim.o(i.TIM_ClearITPendingBit)
    i.TIM_Cmd                                0x08001eaa   Section        0  stm32f4xx_tim.o(i.TIM_Cmd)
    i.TIM_CtrlPWMOutputs                     0x08001ebe   Section        0  stm32f4xx_tim.o(i.TIM_CtrlPWMOutputs)
    i.TIM_GenerateEvent                      0x08001ed4   Section        0  stm32f4xx_tim.o(i.TIM_GenerateEvent)
    i.TIM_GetITStatus                        0x08001ed8   Section        0  stm32f4xx_tim.o(i.TIM_GetITStatus)
    i.TIM_ITConfig                           0x08001ef0   Section        0  stm32f4xx_tim.o(i.TIM_ITConfig)
    i.TIM_OC1Init                            0x08001f00   Section        0  stm32f4xx_tim.o(i.TIM_OC1Init)
    i.TIM_OC1PreloadConfig                   0x08001f60   Section        0  stm32f4xx_tim.o(i.TIM_OC1PreloadConfig)
    i.TIM_OC2Init                            0x08001f6c   Section        0  stm32f4xx_tim.o(i.TIM_OC2Init)
    i.TIM_OC2PreloadConfig                   0x08001fec   Section        0  stm32f4xx_tim.o(i.TIM_OC2PreloadConfig)
    i.TIM_OC3Init                            0x08002000   Section        0  stm32f4xx_tim.o(i.TIM_OC3Init)
    i.TIM_OC3PreloadConfig                   0x0800207c   Section        0  stm32f4xx_tim.o(i.TIM_OC3PreloadConfig)
    i.TIM_OC4Init                            0x08002088   Section        0  stm32f4xx_tim.o(i.TIM_OC4Init)
    i.TIM_OC4PreloadConfig                   0x080020e8   Section        0  stm32f4xx_tim.o(i.TIM_OC4PreloadConfig)
    i.TIM_TimeBaseInit                       0x080020fc   Section        0  stm32f4xx_tim.o(i.TIM_TimeBaseInit)
    i.USART3_IRQHandler                      0x08002178   Section        0  uart.o(i.USART3_IRQHandler)
    i.USART_ClearFlag                        0x0800220c   Section        0  stm32f4xx_usart.o(i.USART_ClearFlag)
    i.USART_Cmd                              0x08002212   Section        0  stm32f4xx_usart.o(i.USART_Cmd)
    i.USART_DMACmd                           0x08002226   Section        0  stm32f4xx_usart.o(i.USART_DMACmd)
    i.USART_GetFlagStatus                    0x08002236   Section        0  stm32f4xx_usart.o(i.USART_GetFlagStatus)
    i.USART_GetITStatus                      0x08002244   Section        0  stm32f4xx_usart.o(i.USART_GetITStatus)
    i.USART_ITConfig                         0x08002282   Section        0  stm32f4xx_usart.o(i.USART_ITConfig)
    i.USART_Init                             0x080022b4   Section        0  stm32f4xx_usart.o(i.USART_Init)
    i.USART_ReceiveData                      0x08002360   Section        0  stm32f4xx_usart.o(i.USART_ReceiveData)
    i.Uart1_DMASendConfig                    0x08002368   Section        0  uart.o(i.Uart1_DMASendConfig)
    i.Uart3_DMASendConfig                    0x080023a0   Section        0  uart.o(i.Uart3_DMASendConfig)
    i.Uart_ReceiveDataParse                  0x080023e4   Section        0  debug.o(i.Uart_ReceiveDataParse)
    i.Uart_SendWave                          0x0800244c   Section        0  debug.o(i.Uart_SendWave)
    i.UsageFault_Handler                     0x0800246c   Section        0  stm32f4xx_it.o(i.UsageFault_Handler)
    i._sys_exit                              0x0800246e   Section        0  uart.o(i._sys_exit)
    i.adc_init                               0x08002470   Section        0  adc.o(i.adc_init)
    i.arm_cos_f32                            0x08002620   Section        0  arm_cos_f32.o(i.arm_cos_f32)
    i.arm_sin_f32                            0x08002698   Section        0  arm_sin_f32.o(i.arm_sin_f32)
    i.dac_init                               0x0800270c   Section        0  dac.o(i.dac_init)
    i.gpio_init                              0x08002774   Section        0  gpio.o(i.gpio_init)
    i.iic_init                               0x08002810   Section        0  i2c.o(i.iic_init)
    i.main                                   0x080028ac   Section        0  main.o(i.main)
    i.timer1_init                            0x08002908   Section        0  timer.o(i.timer1_init)
    i.timer7_init                            0x08002ac8   Section        0  timer.o(i.timer7_init)
    i.timer_init                             0x08002b24   Section        0  timer.o(i.timer_init)
    i.uart1_init                             0x08002b38   Section        0  uart.o(i.uart1_init)
    i.uart3_init                             0x08002cf0   Section        0  uart.o(i.uart3_init)
    x$fpl$fpinit                             0x08002eb0   Section       10  fpinit.o(x$fpl$fpinit)
    $v0                                      0x08002eb0   Number         0  fpinit.o(x$fpl$fpinit)
    .constdata                               0x08002ebc   Section     2052  arm_common_tables.o(.constdata)
    .data                                    0x20000000   Section        4  main.o(.data)
    .data                                    0x20000004   Section        4  key.o(.data)
    key_timer                                0x20000004   Data           4  key.o(.data)
    .data                                    0x20000008   Section       25  motor.o(.data)
    bIndex                                   0x20000008   Data           2  motor.o(.data)
    .data                                    0x20000024   Section        4  led.o(.data)
    led_timer                                0x20000024   Data           4  led.o(.data)
    .data                                    0x20000028   Section       12  debug.o(.data)
    .data                                    0x20000034   Section        4  abs_encoder.o(.data)
    wTimebase                                0x20000034   Data           4  abs_encoder.o(.data)
    .data                                    0x20000038   Section       44  foc.o(.data)
    .data                                    0x20000064   Section        4  adc.o(.data)
    .data                                    0x20000068   Section        8  timer.o(.data)
    timer                                    0x20000068   Data           1  timer.o(.data)
    .data                                    0x20000070   Section        4  uart.o(.data)
    rx_len                                   0x20000070   Data           1  uart.o(.data)
    .data                                    0x20000074   Section       16  stm32f4xx_rcc.o(.data)
    APBAHBPrescTable                         0x20000074   Data          16  stm32f4xx_rcc.o(.data)
    .bss                                     0x20000084   Section       16  key.o(.bss)
    .bss                                     0x20000094   Section       64  debug.o(.bss)
    .bss                                     0x200000d4   Section       72  abs_encoder.o(.bss)
    .bss                                     0x2000011c   Section       56  foc.o(.bss)
    .bss                                     0x20000154   Section      120  pid.o(.bss)
    .bss                                     0x200001cc   Section       16  uart.o(.bss)
    .bss                                     0x200001dc   Section       96  libspace.o(.bss)
    HEAP                                     0x20000240   Section      512  startup_stm32f40_41xxx.o(HEAP)
    Heap_Mem                                 0x20000240   Data         512  startup_stm32f40_41xxx.o(HEAP)
    STACK                                    0x20000440   Section     1024  startup_stm32f40_41xxx.o(STACK)
    Stack_Mem                                0x20000440   Data        1024  startup_stm32f40_41xxx.o(STACK)
    __initial_sp                             0x20000840   Data           0  startup_stm32f40_41xxx.o(STACK)

    Global Symbols

    Symbol Name                              Value     Ov Type        Size  Object(Section)

    BuildAttributes$$THM_ISAv4$E$P$D$K$B$S$7EM$VFPi3$EXTD16$VFPS$VFMA$PE$A:L22UL41UL21$X:L11$S22US41US21$IEEE1$IW$USESV6$~STKCKD$USESV7$~SHL$OTIME$ROPI$IEEEX$EBA8$UX$STANDARDLIB$REQ8$PRES8$EABIv2 0x00000000   Number         0  anon$$obj.o ABSOLUTE
    __ARM_use_no_argv                        0x00000000   Number         0  main.o ABSOLUTE
    __ARM_exceptions_init                     - Undefined Weak Reference
    __alloca_initialize                       - Undefined Weak Reference
    __arm_preinit_                            - Undefined Weak Reference
    __cpp_initialize__aeabi_                  - Undefined Weak Reference
    __cxa_finalize                            - Undefined Weak Reference
    __rt_locale                               - Undefined Weak Reference
    __sigvec_lookup                           - Undefined Weak Reference
    _atexit_init                              - Undefined Weak Reference
    _call_atexit_fns                          - Undefined Weak Reference
    _clock_init                               - Undefined Weak Reference
    _fp_trap_init                             - Undefined Weak Reference
    _fp_trap_shutdown                         - Undefined Weak Reference
    _get_lc_collate                           - Undefined Weak Reference
    _get_lc_ctype                             - Undefined Weak Reference
    _get_lc_monetary                          - Undefined Weak Reference
    _get_lc_numeric                           - Undefined Weak Reference
    _get_lc_time                              - Undefined Weak Reference
    _getenv_init                              - Undefined Weak Reference
    _handle_redirection                       - Undefined Weak Reference
    _init_alloc                               - Undefined Weak Reference
    _init_user_alloc                          - Undefined Weak Reference
    _initio                                   - Undefined Weak Reference
    _rand_init                                - Undefined Weak Reference
    _signal_finish                            - Undefined Weak Reference
    _signal_init                              - Undefined Weak Reference
    _terminate_alloc                          - Undefined Weak Reference
    _terminate_user_alloc                     - Undefined Weak Reference
    _terminateio                              - Undefined Weak Reference
    __Vectors_Size                           0x00000188   Number         0  startup_stm32f40_41xxx.o ABSOLUTE
    __Vectors                                0x08000000   Data           4  startup_stm32f40_41xxx.o(RESET)
    __Vectors_End                            0x08000188   Data           0  startup_stm32f40_41xxx.o(RESET)
    __main                                   0x08000189   Thumb Code     8  __main.o(!!!main)
    __scatterload                            0x08000191   Thumb Code     0  __scatter.o(!!!scatter)
    __scatterload_rt2                        0x08000191   Thumb Code    44  __scatter.o(!!!scatter)
    __scatterload_rt2_thumb_only             0x08000191   Thumb Code     0  __scatter.o(!!!scatter)
    __scatterload_null                       0x0800019f   Thumb Code     0  __scatter.o(!!!scatter)
    __scatterload_copy                       0x080001c5   Thumb Code    26  __scatter_copy.o(!!handler_copy)
    __scatterload_zeroinit                   0x080001e1   Thumb Code    28  __scatter_zi.o(!!handler_zi)
    __rt_lib_init                            0x080001fd   Thumb Code     0  libinit.o(.ARM.Collect$$libinit$$00000000)
    __rt_lib_init_fp_1                       0x080001ff   Thumb Code     0  libinit2.o(.ARM.Collect$$libinit$$00000001)
    __rt_lib_init_alloca_1                   0x08000203   Thumb Code     0  libinit2.o(.ARM.Collect$$libinit$$0000002E)
    __rt_lib_init_argv_1                     0x08000203   Thumb Code     0  libinit2.o(.ARM.Collect$$libinit$$0000002C)
    __rt_lib_init_atexit_1                   0x08000203   Thumb Code     0  libinit2.o(.ARM.Collect$$libinit$$0000001B)
    __rt_lib_init_clock_1                    0x08000203   Thumb Code     0  libinit2.o(.ARM.Collect$$libinit$$00000021)
    __rt_lib_init_cpp_1                      0x08000203   Thumb Code     0  libinit2.o(.ARM.Collect$$libinit$$00000032)
    __rt_lib_init_exceptions_1               0x08000203   Thumb Code     0  libinit2.o(.ARM.Collect$$libinit$$00000030)
    __rt_lib_init_fp_trap_1                  0x08000203   Thumb Code     0  libinit2.o(.ARM.Collect$$libinit$$0000001F)
    __rt_lib_init_getenv_1                   0x08000203   Thumb Code     0  libinit2.o(.ARM.Collect$$libinit$$00000023)
    __rt_lib_init_heap_1                     0x08000203   Thumb Code     0  libinit2.o(.ARM.Collect$$libinit$$0000000A)
    __rt_lib_init_lc_collate_1               0x08000203   Thumb Code     0  libinit2.o(.ARM.Collect$$libinit$$00000011)
    __rt_lib_init_lc_ctype_1                 0x08000203   Thumb Code     0  libinit2.o(.ARM.Collect$$libinit$$00000013)
    __rt_lib_init_lc_monetary_1              0x08000203   Thumb Code     0  libinit2.o(.ARM.Collect$$libinit$$00000015)
    __rt_lib_init_lc_numeric_1               0x08000203   Thumb Code     0  libinit2.o(.ARM.Collect$$libinit$$00000017)
    __rt_lib_init_lc_time_1                  0x08000203   Thumb Code     0  libinit2.o(.ARM.Collect$$libinit$$00000019)
    __rt_lib_init_preinit_1                  0x08000203   Thumb Code     0  libinit2.o(.ARM.Collect$$libinit$$00000004)
    __rt_lib_init_rand_1                     0x08000203   Thumb Code     0  libinit2.o(.ARM.Collect$$libinit$$0000000E)
    __rt_lib_init_return                     0x08000203   Thumb Code     0  libinit2.o(.ARM.Collect$$libinit$$00000033)
    __rt_lib_init_signal_1                   0x08000203   Thumb Code     0  libinit2.o(.ARM.Collect$$libinit$$0000001D)
    __rt_lib_init_stdio_1                    0x08000203   Thumb Code     0  libinit2.o(.ARM.Collect$$libinit$$00000025)
    __rt_lib_init_user_alloc_1               0x08000203   Thumb Code     0  libinit2.o(.ARM.Collect$$libinit$$0000000C)
    __rt_lib_shutdown                        0x08000205   Thumb Code     0  libshutdown.o(.ARM.Collect$$libshutdown$$00000000)
    __rt_lib_shutdown_cpp_1                  0x08000207   Thumb Code     0  libshutdown2.o(.ARM.Collect$$libshutdown$$00000002)
    __rt_lib_shutdown_fp_trap_1              0x08000207   Thumb Code     0  libshutdown2.o(.ARM.Collect$$libshutdown$$00000007)
    __rt_lib_shutdown_heap_1                 0x08000207   Thumb Code     0  libshutdown2.o(.ARM.Collect$$libshutdown$$0000000F)
    __rt_lib_shutdown_return                 0x08000207   Thumb Code     0  libshutdown2.o(.ARM.Collect$$libshutdown$$00000010)
    __rt_lib_shutdown_signal_1               0x08000207   Thumb Code     0  libshutdown2.o(.ARM.Collect$$libshutdown$$0000000A)
    __rt_lib_shutdown_stdio_1                0x08000207   Thumb Code     0  libshutdown2.o(.ARM.Collect$$libshutdown$$00000004)
    __rt_lib_shutdown_user_alloc_1           0x08000207   Thumb Code     0  libshutdown2.o(.ARM.Collect$$libshutdown$$0000000C)
    __rt_entry                               0x08000209   Thumb Code     0  __rtentry.o(.ARM.Collect$$rtentry$$00000000)
    __rt_entry_presh_1                       0x08000209   Thumb Code     0  __rtentry2.o(.ARM.Collect$$rtentry$$00000002)
    __rt_entry_sh                            0x08000209   Thumb Code     0  __rtentry4.o(.ARM.Collect$$rtentry$$00000004)
    __rt_entry_li                            0x0800020f   Thumb Code     0  __rtentry2.o(.ARM.Collect$$rtentry$$0000000A)
    __rt_entry_postsh_1                      0x0800020f   Thumb Code     0  __rtentry2.o(.ARM.Collect$$rtentry$$00000009)
    __rt_entry_main                          0x08000213   Thumb Code     0  __rtentry2.o(.ARM.Collect$$rtentry$$0000000D)
    __rt_entry_postli_1                      0x08000213   Thumb Code     0  __rtentry2.o(.ARM.Collect$$rtentry$$0000000C)
    __rt_exit                                0x0800021b   Thumb Code     0  rtexit.o(.ARM.Collect$$rtexit$$00000000)
    __rt_exit_ls                             0x0800021d   Thumb Code     0  rtexit2.o(.ARM.Collect$$rtexit$$00000003)
    __rt_exit_prels_1                        0x0800021d   Thumb Code     0  rtexit2.o(.ARM.Collect$$rtexit$$00000002)
    __rt_exit_exit                           0x08000221   Thumb Code     0  rtexit2.o(.ARM.Collect$$rtexit$$00000004)
    Reset_Handler                            0x08000229   Thumb Code     8  startup_stm32f40_41xxx.o(.text)
    CAN1_RX0_IRQHandler                      0x08000243   Thumb Code     0  startup_stm32f40_41xxx.o(.text)
    CAN1_RX1_IRQHandler                      0x08000243   Thumb Code     0  startup_stm32f40_41xxx.o(.text)
    CAN1_SCE_IRQHandler                      0x08000243   Thumb Code     0  startup_stm32f40_41xxx.o(.text)
    CAN1_TX_IRQHandler                       0x08000243   Thumb Code     0  startup_stm32f40_41xxx.o(.text)
    CAN2_RX0_IRQHandler                      0x08000243   Thumb Code     0  startup_stm32f40_41xxx.o(.text)
    CAN2_RX1_IRQHandler                      0x08000243   Thumb Code     0  startup_stm32f40_41xxx.o(.text)
    CAN2_SCE_IRQHandler                      0x08000243   Thumb Code     0  startup_stm32f40_41xxx.o(.text)
    CAN2_TX_IRQHandler                       0x08000243   Thumb Code     0  startup_stm32f40_41xxx.o(.text)
    CRYP_IRQHandler                          0x08000243   Thumb Code     0  startup_stm32f40_41xxx.o(.text)
    DCMI_IRQHandler                          0x08000243   Thumb Code     0  startup_stm32f40_41xxx.o(.text)
    DMA1_Stream0_IRQHandler                  0x08000243   Thumb Code     0  startup_stm32f40_41xxx.o(.text)
    DMA1_Stream1_IRQHandler                  0x08000243   Thumb Code     0  startup_stm32f40_41xxx.o(.text)
    DMA1_Stream2_IRQHandler                  0x08000243   Thumb Code     0  startup_stm32f40_41xxx.o(.text)
    DMA1_Stream4_IRQHandler                  0x08000243   Thumb Code     0  startup_stm32f40_41xxx.o(.text)
    DMA1_Stream5_IRQHandler                  0x08000243   Thumb Code     0  startup_stm32f40_41xxx.o(.text)
    DMA1_Stream6_IRQHandler                  0x08000243   Thumb Code     0  startup_stm32f40_41xxx.o(.text)
    DMA1_Stream7_IRQHandler                  0x08000243   Thumb Code     0  startup_stm32f40_41xxx.o(.text)
    DMA2_Stream0_IRQHandler                  0x08000243   Thumb Code     0  startup_stm32f40_41xxx.o(.text)
    DMA2_Stream1_IRQHandler                  0x08000243   Thumb Code     0  startup_stm32f40_41xxx.o(.text)
    DMA2_Stream2_IRQHandler                  0x08000243   Thumb Code     0  startup_stm32f40_41xxx.o(.text)
    DMA2_Stream3_IRQHandler                  0x08000243   Thumb Code     0  startup_stm32f40_41xxx.o(.text)
    DMA2_Stream4_IRQHandler                  0x08000243   Thumb Code     0  startup_stm32f40_41xxx.o(.text)
    DMA2_Stream6_IRQHandler                  0x08000243   Thumb Code     0  startup_stm32f40_41xxx.o(.text)
    ETH_IRQHandler                           0x08000243   Thumb Code     0  startup_stm32f40_41xxx.o(.text)
    ETH_WKUP_IRQHandler                      0x08000243   Thumb Code     0  startup_stm32f40_41xxx.o(.text)
    EXTI0_IRQHandler                         0x08000243   Thumb Code     0  startup_stm32f40_41xxx.o(.text)
    EXTI15_10_IRQHandler                     0x08000243   Thumb Code     0  startup_stm32f40_41xxx.o(.text)
    EXTI1_IRQHandler                         0x08000243   Thumb Code     0  startup_stm32f40_41xxx.o(.text)
    EXTI2_IRQHandler                         0x08000243   Thumb Code     0  startup_stm32f40_41xxx.o(.text)
    EXTI3_IRQHandler                         0x08000243   Thumb Code     0  startup_stm32f40_41xxx.o(.text)
    EXTI4_IRQHandler                         0x08000243   Thumb Code     0  startup_stm32f40_41xxx.o(.text)
    EXTI9_5_IRQHandler                       0x08000243   Thumb Code     0  startup_stm32f40_41xxx.o(.text)
    FLASH_IRQHandler                         0x08000243   Thumb Code     0  startup_stm32f40_41xxx.o(.text)
    FPU_IRQHandler                           0x08000243   Thumb Code     0  startup_stm32f40_41xxx.o(.text)
    FSMC_IRQHandler                          0x08000243   Thumb Code     0  startup_stm32f40_41xxx.o(.text)
    HASH_RNG_IRQHandler                      0x08000243   Thumb Code     0  startup_stm32f40_41xxx.o(.text)
    I2C1_ER_IRQHandler                       0x08000243   Thumb Code     0  startup_stm32f40_41xxx.o(.text)
    I2C1_EV_IRQHandler                       0x08000243   Thumb Code     0  startup_stm32f40_41xxx.o(.text)
    I2C2_ER_IRQHandler                       0x08000243   Thumb Code     0  startup_stm32f40_41xxx.o(.text)
    I2C2_EV_IRQHandler                       0x08000243   Thumb Code     0  startup_stm32f40_41xxx.o(.text)
    I2C3_ER_IRQHandler                       0x08000243   Thumb Code     0  startup_stm32f40_41xxx.o(.text)
    I2C3_EV_IRQHandler                       0x08000243   Thumb Code     0  startup_stm32f40_41xxx.o(.text)
    OTG_FS_IRQHandler                        0x08000243   Thumb Code     0  startup_stm32f40_41xxx.o(.text)
    OTG_FS_WKUP_IRQHandler                   0x08000243   Thumb Code     0  startup_stm32f40_41xxx.o(.text)
    OTG_HS_EP1_IN_IRQHandler                 0x08000243   Thumb Code     0  startup_stm32f40_41xxx.o(.text)
    OTG_HS_EP1_OUT_IRQHandler                0x08000243   Thumb Code     0  startup_stm32f40_41xxx.o(.text)
    OTG_HS_IRQHandler                        0x08000243   Thumb Code     0  startup_stm32f40_41xxx.o(.text)
    OTG_HS_WKUP_IRQHandler                   0x08000243   Thumb Code     0  startup_stm32f40_41xxx.o(.text)
    PVD_IRQHandler                           0x08000243   Thumb Code     0  startup_stm32f40_41xxx.o(.text)
    RCC_IRQHandler                           0x08000243   Thumb Code     0  startup_stm32f40_41xxx.o(.text)
    RTC_Alarm_IRQHandler                     0x08000243   Thumb Code     0  startup_stm32f40_41xxx.o(.text)
    RTC_WKUP_IRQHandler                      0x08000243   Thumb Code     0  startup_stm32f40_41xxx.o(.text)
    SDIO_IRQHandler                          0x08000243   Thumb Code     0  startup_stm32f40_41xxx.o(.text)
    SPI1_IRQHandler                          0x08000243   Thumb Code     0  startup_stm32f40_41xxx.o(.text)
    SPI2_IRQHandler                          0x08000243   Thumb Code     0  startup_stm32f40_41xxx.o(.text)
    SPI3_IRQHandler                          0x08000243   Thumb Code     0  startup_stm32f40_41xxx.o(.text)
    TAMP_STAMP_IRQHandler                    0x08000243   Thumb Code     0  startup_stm32f40_41xxx.o(.text)
    TIM1_BRK_TIM9_IRQHandler                 0x08000243   Thumb Code     0  startup_stm32f40_41xxx.o(.text)
    TIM1_CC_IRQHandler                       0x08000243   Thumb Code     0  startup_stm32f40_41xxx.o(.text)
    TIM1_TRG_COM_TIM11_IRQHandler            0x08000243   Thumb Code     0  startup_stm32f40_41xxx.o(.text)
    TIM1_UP_TIM10_IRQHandler                 0x08000243   Thumb Code     0  startup_stm32f40_41xxx.o(.text)
    TIM2_IRQHandler                          0x08000243   Thumb Code     0  startup_stm32f40_41xxx.o(.text)
    TIM3_IRQHandler                          0x08000243   Thumb Code     0  startup_stm32f40_41xxx.o(.text)
    TIM4_IRQHandler                          0x08000243   Thumb Code     0  startup_stm32f40_41xxx.o(.text)
    TIM5_IRQHandler                          0x08000243   Thumb Code     0  startup_stm32f40_41xxx.o(.text)
    TIM6_DAC_IRQHandler                      0x08000243   Thumb Code     0  startup_stm32f40_41xxx.o(.text)
    TIM8_BRK_TIM12_IRQHandler                0x08000243   Thumb Code     0  startup_stm32f40_41xxx.o(.text)
    TIM8_CC_IRQHandler                       0x08000243   Thumb Code     0  startup_stm32f40_41xxx.o(.text)
    TIM8_TRG_COM_TIM14_IRQHandler            0x08000243   Thumb Code     0  startup_stm32f40_41xxx.o(.text)
    TIM8_UP_TIM13_IRQHandler                 0x08000243   Thumb Code     0  startup_stm32f40_41xxx.o(.text)
    UART4_IRQHandler                         0x08000243   Thumb Code     0  startup_stm32f40_41xxx.o(.text)
    UART5_IRQHandler                         0x08000243   Thumb Code     0  startup_stm32f40_41xxx.o(.text)
    USART1_IRQHandler                        0x08000243   Thumb Code     0  startup_stm32f40_41xxx.o(.text)
    USART2_IRQHandler                        0x08000243   Thumb Code     0  startup_stm32f40_41xxx.o(.text)
    USART6_IRQHandler                        0x08000243   Thumb Code     0  startup_stm32f40_41xxx.o(.text)
    WWDG_IRQHandler                          0x08000243   Thumb Code     0  startup_stm32f40_41xxx.o(.text)
    __user_initial_stackheap                 0x08000245   Thumb Code     0  startup_stm32f40_41xxx.o(.text)
    __use_no_semihosting                     0x08000269   Thumb Code     2  use_no_semi_2.o(.text)
    __aeabi_memcpy                           0x0800026b   Thumb Code     0  rt_memcpy_v6.o(.text)
    __rt_memcpy                              0x0800026b   Thumb Code   138  rt_memcpy_v6.o(.text)
    _memcpy_lastbytes                        0x080002d1   Thumb Code     0  rt_memcpy_v6.o(.text)
    __use_two_region_memory                  0x080002f5   Thumb Code     2  heapauxi.o(.text)
    __rt_heap_escrow$2region                 0x080002f7   Thumb Code     2  heapauxi.o(.text)
    __rt_heap_expand$2region                 0x080002f9   Thumb Code     2  heapauxi.o(.text)
    __I$use$semihosting                      0x080002fb   Thumb Code     0  use_no_semi.o(.text)
    __use_no_semihosting_swi                 0x080002fb   Thumb Code     2  use_no_semi.o(.text)
    __aeabi_memcpy4                          0x080002fd   Thumb Code     0  rt_memcpy_w.o(.text)
    __aeabi_memcpy8                          0x080002fd   Thumb Code     0  rt_memcpy_w.o(.text)
    __rt_memcpy_w                            0x080002fd   Thumb Code   100  rt_memcpy_w.o(.text)
    _memcpy_lastbytes_aligned                0x08000345   Thumb Code     0  rt_memcpy_w.o(.text)
    __user_setup_stackheap                   0x08000361   Thumb Code    74  sys_stackheap_outer.o(.text)
    exit                                     0x080003ab   Thumb Code    18  exit.o(.text)
    __user_libspace                          0x080003bd   Thumb Code     8  libspace.o(.text)
    __user_perproc_libspace                  0x080003bd   Thumb Code     0  libspace.o(.text)
    __user_perthread_libspace                0x080003bd   Thumb Code     0  libspace.o(.text)
    ABS_Encoder_CalcAngle                    0x080003c5   Thumb Code    94  abs_encoder.o(i.ABS_Encoder_CalcAngle)
    ABS_Encoder_CalcAvrgMecSpeed             0x0800043d   Thumb Code   192  abs_encoder.o(i.ABS_Encoder_CalcAvrgMecSpeed)
    ABS_Encoder_Calibration                  0x0800050d   Thumb Code   236  abs_encoder.o(i.ABS_Encoder_Calibration)
    ABS_Encoder_DMA_DataProcess              0x08000635   Thumb Code    76  abs_encoder.o(i.ABS_Encoder_DMA_DataProcess)
    ABS_Encoder_DMA_SendData                 0x08000685   Thumb Code    24  abs_encoder.o(i.ABS_Encoder_DMA_SendData)
    ABS_Encoder_Reset                        0x080006a1   Thumb Code    42  abs_encoder.o(i.ABS_Encoder_Reset)
    ADC_ClearFlag                            0x080006d1   Thumb Code     6  stm32f4xx_adc.o(i.ADC_ClearFlag)
    ADC_Cmd                                  0x080006d7   Thumb Code    20  stm32f4xx_adc.o(i.ADC_Cmd)
    ADC_CommonInit                           0x080006ed   Thumb Code    34  stm32f4xx_adc.o(i.ADC_CommonInit)
    ADC_DMACmd                               0x08000719   Thumb Code    20  stm32f4xx_adc.o(i.ADC_DMACmd)
    ADC_DMARequestAfterLastTransferCmd       0x0800072d   Thumb Code    20  stm32f4xx_adc.o(i.ADC_DMARequestAfterLastTransferCmd)
    ADC_DeInit                               0x08000741   Thumb Code    24  stm32f4xx_adc.o(i.ADC_DeInit)
    ADC_ExternalTrigInjectedConvConfig       0x08000759   Thumb Code    12  stm32f4xx_adc.o(i.ADC_ExternalTrigInjectedConvConfig)
    ADC_ExternalTrigInjectedConvEdgeConfig   0x08000765   Thumb Code    12  stm32f4xx_adc.o(i.ADC_ExternalTrigInjectedConvEdgeConfig)
    ADC_GetFlagStatus                        0x08000771   Thumb Code    14  stm32f4xx_adc.o(i.ADC_GetFlagStatus)
    ADC_GetInjectedConversionValue           0x0800077f   Thumb Code    14  stm32f4xx_adc.o(i.ADC_GetInjectedConversionValue)
    ADC_IRQHandler                           0x0800078d   Thumb Code    58  adc.o(i.ADC_IRQHandler)
    ADC_ITConfig                             0x080007d1   Thumb Code    18  stm32f4xx_adc.o(i.ADC_ITConfig)
    ADC_Init                                 0x080007e5   Thumb Code    66  stm32f4xx_adc.o(i.ADC_Init)
    ADC_InjectedChannelConfig                0x08000831   Thumb Code    74  stm32f4xx_adc.o(i.ADC_InjectedChannelConfig)
    ADC_InjectedSequencerLengthConfig        0x0800087b   Thumb Code    16  stm32f4xx_adc.o(i.ADC_InjectedSequencerLengthConfig)
    ADC_RegularChannelConfig                 0x0800088b   Thumb Code   116  stm32f4xx_adc.o(i.ADC_RegularChannelConfig)
    ADC_SoftwareStartConv                    0x080008ff   Thumb Code    10  stm32f4xx_adc.o(i.ADC_SoftwareStartConv)
    ADC_SoftwareStartInjectedConv            0x08000909   Thumb Code    10  stm32f4xx_adc.o(i.ADC_SoftwareStartInjectedConv)
    Angle_To_Cos_Sin                         0x08000913   Thumb Code    38  foc.o(i.Angle_To_Cos_Sin)
    BusFault_Handler                         0x08000939   Thumb Code     2  stm32f4xx_it.o(i.BusFault_Handler)
    CRC8_ChkValue                            0x0800093d   Thumb Code    48  abs_encoder.o(i.CRC8_ChkValue)
    Clarke_Transf                            0x0800096d   Thumb Code    58  foc.o(i.Clarke_Transf)
    Current_PID_Calc                         0x080009ad   Thumb Code   128  pid.o(i.Current_PID_Calc)
    DAC_Cmd                                  0x08000a31   Thumb Code    20  stm32f4xx_dac.o(i.DAC_Cmd)
    DAC_Init                                 0x08000a49   Thumb Code    36  stm32f4xx_dac.o(i.DAC_Init)
    DMA1_Stream3_IRQHandler                  0x08000a71   Thumb Code    56  uart.o(i.DMA1_Stream3_IRQHandler)
    DMA2_Stream5_IRQHandler                  0x08000ab5   Thumb Code    62  uart.o(i.DMA2_Stream5_IRQHandler)
    DMA2_Stream7_IRQHandler                  0x08000b01   Thumb Code    56  uart.o(i.DMA2_Stream7_IRQHandler)
    DMA_ClearFlag                            0x08000b45   Thumb Code    32  stm32f4xx_dma.o(i.DMA_ClearFlag)
    DMA_Cmd                                  0x08000b71   Thumb Code    20  stm32f4xx_dma.o(i.DMA_Cmd)
    DMA_DeInit                               0x08000b85   Thumb Code   272  stm32f4xx_dma.o(i.DMA_DeInit)
    DMA_GetCmdStatus                         0x08000ca9   Thumb Code    14  stm32f4xx_dma.o(i.DMA_GetCmdStatus)
    DMA_GetCurrDataCounter                   0x08000cb7   Thumb Code     6  stm32f4xx_dma.o(i.DMA_GetCurrDataCounter)
    DMA_GetFlagStatus                        0x08000cbd   Thumb Code    40  stm32f4xx_dma.o(i.DMA_GetFlagStatus)
    DMA_ITConfig                             0x08000cf1   Thumb Code    44  stm32f4xx_dma.o(i.DMA_ITConfig)
    DMA_Init                                 0x08000d1d   Thumb Code    80  stm32f4xx_dma.o(i.DMA_Init)
    DMA_MemoryTargetConfig                   0x08000d71   Thumb Code    10  stm32f4xx_dma.o(i.DMA_MemoryTargetConfig)
    DMA_SetCurrDataCounter                   0x08000d7b   Thumb Code     4  stm32f4xx_dma.o(i.DMA_SetCurrDataCounter)
    DebugMon_Handler                         0x08000d7f   Thumb Code     2  stm32f4xx_it.o(i.DebugMon_Handler)
    Debug_Task                               0x08000d81   Thumb Code     4  debug.o(i.Debug_Task)
    FOC_Algorithm                            0x08000d85   Thumb Code   192  foc.o(i.FOC_Algorithm)
    FOC_Reset                                0x08000e5d   Thumb Code    12  foc.o(i.FOC_Reset)
    GPIO_Init                                0x08000e71   Thumb Code   162  stm32f4xx_gpio.o(i.GPIO_Init)
    GPIO_PinAFConfig                         0x08000f13   Thumb Code    32  stm32f4xx_gpio.o(i.GPIO_PinAFConfig)
    GPIO_ReadInputDataBit                    0x08000f33   Thumb Code    14  stm32f4xx_gpio.o(i.GPIO_ReadInputDataBit)
    GPIO_ResetBits                           0x08000f41   Thumb Code     4  stm32f4xx_gpio.o(i.GPIO_ResetBits)
    GPIO_SetBits                             0x08000f45   Thumb Code     4  stm32f4xx_gpio.o(i.GPIO_SetBits)
    GPIO_ToggleBits                          0x08000f49   Thumb Code     8  stm32f4xx_gpio.o(i.GPIO_ToggleBits)
    Get_PhaseCurrentValues                   0x08000f51   Thumb Code   226  foc.o(i.Get_PhaseCurrentValues)
    Get_Systick_Timer                        0x0800104d   Thumb Code     6  timer.o(i.Get_Systick_Timer)
    Get_Vbus_Voltage                         0x08001059   Thumb Code    26  foc.o(i.Get_Vbus_Voltage)
    HardFault_Handler                        0x0800107d   Thumb Code     2  stm32f4xx_it.o(i.HardFault_Handler)
    I2C_AcknowledgeConfig                    0x0800107f   Thumb Code    20  stm32f4xx_i2c.o(i.I2C_AcknowledgeConfig)
    I2C_CheckEvent                           0x08001093   Thumb Code    24  stm32f4xx_i2c.o(i.I2C_CheckEvent)
    I2C_ClearFlag                            0x080010ab   Thumb Code     6  stm32f4xx_i2c.o(i.I2C_ClearFlag)
    I2C_Cmd                                  0x080010b1   Thumb Code    20  stm32f4xx_i2c.o(i.I2C_Cmd)
    I2C_DeInit                               0x080010c5   Thumb Code    56  stm32f4xx_i2c.o(i.I2C_DeInit)
    I2C_GenerateSTART                        0x08001109   Thumb Code    20  stm32f4xx_i2c.o(i.I2C_GenerateSTART)
    I2C_GenerateSTOP                         0x0800111d   Thumb Code    20  stm32f4xx_i2c.o(i.I2C_GenerateSTOP)
    I2C_GetFlagStatus                        0x08001131   Thumb Code    42  stm32f4xx_i2c.o(i.I2C_GetFlagStatus)
    I2C_Init                                 0x0800115d   Thumb Code   174  stm32f4xx_i2c.o(i.I2C_Init)
    I2C_Send7bitAddress                      0x08001215   Thumb Code    16  stm32f4xx_i2c.o(i.I2C_Send7bitAddress)
    I2C_SendData                             0x08001225   Thumb Code     4  stm32f4xx_i2c.o(i.I2C_SendData)
    IIC_AT24C02_BufferWrite                  0x08001229   Thumb Code   152  at24c02.o(i.IIC_AT24C02_BufferWrite)
    IIC_AT24C02_PageWrite                    0x080012c1   Thumb Code   154  at24c02.o(i.IIC_AT24C02_PageWrite)
    IIC_Waite_AT24C02_Standby                0x08001369   Thumb Code    62  at24c02.o(i.IIC_Waite_AT24C02_Standby)
    Key_Config                               0x080013b1   Thumb Code    24  key.o(i.Key_Config)
    Key_ParaInit                             0x080013d1   Thumb Code    10  key.o(i.Key_ParaInit)
    Key_Scan                                 0x080013db   Thumb Code   148  key.o(i.Key_Scan)
    Key_Task                                 0x08001471   Thumb Code    42  key.o(i.Key_Task)
    LED1_OFF                                 0x080014a5   Thumb Code     8  led.o(i.LED1_OFF)
    LED1_ON                                  0x080014b1   Thumb Code     8  led.o(i.LED1_ON)
    LED_Task                                 0x080014bd   Thumb Code    46  led.o(i.LED_Task)
    MCL_HighFrequency_Task                   0x080014f5   Thumb Code     4  motor.o(i.MCL_HighFrequency_Task)
    MCL_MediumFrequency_Task                 0x080014f9   Thumb Code   262  motor.o(i.MCL_MediumFrequency_Task)
    MemManage_Handler                        0x0800161d   Thumb Code     2  stm32f4xx_it.o(i.MemManage_Handler)
    Motor_Init                               0x08001621   Thumb Code    14  motor.o(i.Motor_Init)
    NMI_Handler                              0x08001679   Thumb Code     2  stm32f4xx_it.o(i.NMI_Handler)
    NVIC_Init                                0x0800167d   Thumb Code    96  misc.o(i.NVIC_Init)
    NVIC_PriorityGroupConfig                 0x080016e1   Thumb Code    10  misc.o(i.NVIC_PriorityGroupConfig)
    PID_Init_Id                              0x080016f5   Thumb Code    58  pid.o(i.PID_Init_Id)
    PID_Init_Iq                              0x08001745   Thumb Code    58  pid.o(i.PID_Init_Iq)
    PID_Init_Speed                           0x08001795   Thumb Code    58  pid.o(i.PID_Init_Speed)
    PID_Reset                                0x080017dd   Thumb Code    36  pid.o(i.PID_Reset)
    PID_init                                 0x08001809   Thumb Code    28  pid.o(i.PID_init)
    Park_Transf                              0x08001829   Thumb Code    26  foc.o(i.Park_Transf)
    PendSV_Handler                           0x08001843   Thumb Code     2  stm32f4xx_it.o(i.PendSV_Handler)
    RCC_AHB1PeriphClockCmd                   0x08001845   Thumb Code    18  stm32f4xx_rcc.o(i.RCC_AHB1PeriphClockCmd)
    RCC_APB1PeriphClockCmd                   0x0800185d   Thumb Code    18  stm32f4xx_rcc.o(i.RCC_APB1PeriphClockCmd)
    RCC_APB1PeriphResetCmd                   0x08001875   Thumb Code    18  stm32f4xx_rcc.o(i.RCC_APB1PeriphResetCmd)
    RCC_APB2PeriphClockCmd                   0x0800188d   Thumb Code    18  stm32f4xx_rcc.o(i.RCC_APB2PeriphClockCmd)
    RCC_APB2PeriphResetCmd                   0x080018a5   Thumb Code    18  stm32f4xx_rcc.o(i.RCC_APB2PeriphResetCmd)
    RCC_GetClocksFreq                        0x080018bd   Thumb Code   132  stm32f4xx_rcc.o(i.RCC_GetClocksFreq)
    Rev_Park_Transf                          0x0800194d   Thumb Code    26  foc.o(i.Rev_Park_Transf)
    SVC_Handler                              0x08001967   Thumb Code     2  stm32f4xx_it.o(i.SVC_Handler)
    SVPWM_Calc                               0x08001969   Thumb Code   492  foc.o(i.SVPWM_Calc)
    Speed_PID_Calc                           0x08001d59   Thumb Code   128  pid.o(i.Speed_PID_Calc)
    SysTick_Handler                          0x08001ddd   Thumb Code     2  stm32f4xx_it.o(i.SysTick_Handler)
    SystemInit                               0x08001de1   Thumb Code    74  system_stm32f4xx.o(i.SystemInit)
    TIM7_IRQHandler                          0x08001e3d   Thumb Code    56  timer.o(i.TIM7_IRQHandler)
    TIM_BDTRConfig                           0x08001e7d   Thumb Code    34  stm32f4xx_tim.o(i.TIM_BDTRConfig)
    TIM_ClearFlag                            0x08001e9f   Thumb Code     6  stm32f4xx_tim.o(i.TIM_ClearFlag)
    TIM_ClearITPendingBit                    0x08001ea5   Thumb Code     6  stm32f4xx_tim.o(i.TIM_ClearITPendingBit)
    TIM_Cmd                                  0x08001eab   Thumb Code    20  stm32f4xx_tim.o(i.TIM_Cmd)
    TIM_CtrlPWMOutputs                       0x08001ebf   Thumb Code    22  stm32f4xx_tim.o(i.TIM_CtrlPWMOutputs)
    TIM_GenerateEvent                        0x08001ed5   Thumb Code     4  stm32f4xx_tim.o(i.TIM_GenerateEvent)
    TIM_GetITStatus                          0x08001ed9   Thumb Code    24  stm32f4xx_tim.o(i.TIM_GetITStatus)
    TIM_ITConfig                             0x08001ef1   Thumb Code    16  stm32f4xx_tim.o(i.TIM_ITConfig)
    TIM_OC1Init                              0x08001f01   Thumb Code    88  stm32f4xx_tim.o(i.TIM_OC1Init)
    TIM_OC1PreloadConfig                     0x08001f61   Thumb Code    12  stm32f4xx_tim.o(i.TIM_OC1PreloadConfig)
    TIM_OC2Init                              0x08001f6d   Thumb Code   120  stm32f4xx_tim.o(i.TIM_OC2Init)
    TIM_OC2PreloadConfig                     0x08001fed   Thumb Code    20  stm32f4xx_tim.o(i.TIM_OC2PreloadConfig)
    TIM_OC3Init                              0x08002001   Thumb Code   116  stm32f4xx_tim.o(i.TIM_OC3Init)
    TIM_OC3PreloadConfig                     0x0800207d   Thumb Code    12  stm32f4xx_tim.o(i.TIM_OC3PreloadConfig)
    TIM_OC4Init                              0x08002089   Thumb Code    88  stm32f4xx_tim.o(i.TIM_OC4Init)
    TIM_OC4PreloadConfig                     0x080020e9   Thumb Code    20  stm32f4xx_tim.o(i.TIM_OC4PreloadConfig)
    TIM_TimeBaseInit                         0x080020fd   Thumb Code    96  stm32f4xx_tim.o(i.TIM_TimeBaseInit)
    USART3_IRQHandler                        0x08002179   Thumb Code   124  uart.o(i.USART3_IRQHandler)
    USART_ClearFlag                          0x0800220d   Thumb Code     6  stm32f4xx_usart.o(i.USART_ClearFlag)
    USART_Cmd                                0x08002213   Thumb Code    20  stm32f4xx_usart.o(i.USART_Cmd)
    USART_DMACmd                             0x08002227   Thumb Code    16  stm32f4xx_usart.o(i.USART_DMACmd)
    USART_GetFlagStatus                      0x08002237   Thumb Code    14  stm32f4xx_usart.o(i.USART_GetFlagStatus)
    USART_GetITStatus                        0x08002245   Thumb Code    62  stm32f4xx_usart.o(i.USART_GetITStatus)
    USART_ITConfig                           0x08002283   Thumb Code    48  stm32f4xx_usart.o(i.USART_ITConfig)
    USART_Init                               0x080022b5   Thumb Code   164  stm32f4xx_usart.o(i.USART_Init)
    USART_ReceiveData                        0x08002361   Thumb Code     8  stm32f4xx_usart.o(i.USART_ReceiveData)
    Uart1_DMASendConfig                      0x08002369   Thumb Code    48  uart.o(i.Uart1_DMASendConfig)
    Uart3_DMASendConfig                      0x080023a1   Thumb Code    58  uart.o(i.Uart3_DMASendConfig)
    Uart_ReceiveDataParse                    0x080023e5   Thumb Code    86  debug.o(i.Uart_ReceiveDataParse)
    Uart_SendWave                            0x0800244d   Thumb Code    26  debug.o(i.Uart_SendWave)
    UsageFault_Handler                       0x0800246d   Thumb Code     2  stm32f4xx_it.o(i.UsageFault_Handler)
    _sys_exit                                0x0800246f   Thumb Code     2  uart.o(i._sys_exit)
    adc_init                                 0x08002471   Thumb Code   412  adc.o(i.adc_init)
    arm_cos_f32                              0x08002621   Thumb Code   108  arm_cos_f32.o(i.arm_cos_f32)
    arm_sin_f32                              0x08002699   Thumb Code   104  arm_sin_f32.o(i.arm_sin_f32)
    dac_init                                 0x0800270d   Thumb Code   100  dac.o(i.dac_init)
    gpio_init                                0x08002775   Thumb Code   144  gpio.o(i.gpio_init)
    iic_init                                 0x08002811   Thumb Code   144  i2c.o(i.iic_init)
    main                                     0x080028ad   Thumb Code    82  main.o(i.main)
    timer1_init                              0x08002909   Thumb Code   434  timer.o(i.timer1_init)
    timer7_init                              0x08002ac9   Thumb Code    88  timer.o(i.timer7_init)
    timer_init                               0x08002b25   Thumb Code    20  timer.o(i.timer_init)
    uart1_init                               0x08002b39   Thumb Code   410  uart.o(i.uart1_init)
    uart3_init                               0x08002cf1   Thumb Code   422  uart.o(i.uart3_init)
    _fp_init                                 0x08002eb1   Thumb Code    10  fpinit.o(x$fpl$fpinit)
    __fplib_config_fpu_vfp                   0x08002eb9   Thumb Code     0  fpinit.o(x$fpl$fpinit)
    __fplib_config_pureend_doubles           0x08002eb9   Thumb Code     0  fpinit.o(x$fpl$fpinit)
    sinTable_f32                             0x08002ebc   Data        2052  arm_common_tables.o(.constdata)
    Region$$Table$$Base                      0x080036c0   Number         0  anon$$obj.o(Region$$Table)
    Region$$Table$$Limit                     0x080036e0   Number         0  anon$$obj.o(Region$$Table)
    flux                                     0x20000000   Data           4  main.o(.data)
    phase_A_offset                           0x2000000a   Data           2  motor.o(.data)
    phase_B_offset                           0x2000000c   Data           2  motor.o(.data)
    phase_C_offset                           0x2000000e   Data           2  motor.o(.data)
    phase_A_offset_temp                      0x20000010   Data           4  motor.o(.data)
    phase_B_offset_temp                      0x20000014   Data           4  motor.o(.data)
    phase_C_offset_temp                      0x20000018   Data           4  motor.o(.data)
    BLDC_Motor                               0x2000001c   Data           5  motor.o(.data)
    rece_flag                                0x20000028   Data           1  debug.o(.data)
    rece_arry                                0x2000002c   Data           8  debug.o(.data)
    sector                                   0x20000038   Data           1  foc.o(.data)
    Current_Ialpha_beta                      0x2000003c   Data           8  foc.o(.data)
    Voltage_Alpha_Beta                       0x20000044   Data           8  foc.o(.data)
    Transf_Cos_Sin                           0x2000004c   Data           8  foc.o(.data)
    Current_Idq                              0x20000054   Data           8  foc.o(.data)
    Voltage_DQ                               0x2000005c   Data           8  foc.o(.data)
    ADCConvertedValue                        0x20000064   Data           4  adc.o(.data)
    systick                                  0x2000006c   Data           4  timer.o(.data)
    USART1_TX_FLAG                           0x20000071   Data           1  uart.o(.data)
    USART3_Tx_Buf                            0x20000072   Data           1  uart.o(.data)
    USART3_Flag_Tx_Busy                      0x20000073   Data           1  uart.o(.data)
    button                                   0x20000084   Data          16  key.o(.bss)
    send_wave                                0x20000094   Data          64  debug.o(.bss)
    ABS_Encoder                              0x200000d4   Data          72  abs_encoder.o(.bss)
    FOC_Output                               0x2000011c   Data          12  foc.o(.bss)
    FOC_Input                                0x20000128   Data          32  foc.o(.bss)
    Current_Iabc                             0x20000148   Data          12  foc.o(.bss)
    IQ_InitStructure                         0x20000154   Data          40  pid.o(.bss)
    ID_InitStructure                         0x2000017c   Data          40  pid.o(.bss)
    Speed_InitStructure                      0x200001a4   Data          40  pid.o(.bss)
    USART3_Rx_Buf                            0x200001cc   Data          16  uart.o(.bss)
    __libspace_start                         0x200001dc   Data          96  libspace.o(.bss)
    __temporary_stack_top$libspace           0x2000023c   Data           0  libspace.o(.bss)



==============================================================================

Memory Map of the image

  Image Entry point : 0x08000189

  Load Region LR_IROM1 (Base: 0x08000000, Size: 0x00003764, Max: 0x00100000, ABSOLUTE)

    Execution Region ER_IROM1 (Exec base: 0x08000000, Load base: 0x08000000, Size: 0x000036e0, Max: 0x00100000, ABSOLUTE)

    Exec Addr    Load Addr    Size         Type   Attr      Idx    E Section Name        Object

    0x08000000   0x08000000   0x00000188   Data   RO         3038    RESET               startup_stm32f40_41xxx.o
    0x08000188   0x08000188   0x00000008   Code   RO         3293  * !!!main             c_w.l(__main.o)
    0x08000190   0x08000190   0x00000034   Code   RO         3450    !!!scatter          c_w.l(__scatter.o)
    0x080001c4   0x080001c4   0x0000001a   Code   RO         3452    !!handler_copy      c_w.l(__scatter_copy.o)
    0x080001de   0x080001de   0x00000002   PAD
    0x080001e0   0x080001e0   0x0000001c   Code   RO         3454    !!handler_zi        c_w.l(__scatter_zi.o)
    0x080001fc   0x080001fc   0x00000002   Code   RO         3324    .ARM.Collect$$libinit$$00000000  c_w.l(libinit.o)
    0x080001fe   0x080001fe   0x00000004   Code   RO         3330    .ARM.Collect$$libinit$$00000001  c_w.l(libinit2.o)
    0x08000202   0x08000202   0x00000000   Code   RO         3333    .ARM.Collect$$libinit$$00000004  c_w.l(libinit2.o)
    0x08000202   0x08000202   0x00000000   Code   RO         3336    .ARM.Collect$$libinit$$0000000A  c_w.l(libinit2.o)
    0x08000202   0x08000202   0x00000000   Code   RO         3338    .ARM.Collect$$libinit$$0000000C  c_w.l(libinit2.o)
    0x08000202   0x08000202   0x00000000   Code   RO         3340    .ARM.Collect$$libinit$$0000000E  c_w.l(libinit2.o)
    0x08000202   0x08000202   0x00000000   Code   RO         3343    .ARM.Collect$$libinit$$00000011  c_w.l(libinit2.o)
    0x08000202   0x08000202   0x00000000   Code   RO         3345    .ARM.Collect$$libinit$$00000013  c_w.l(libinit2.o)
    0x08000202   0x08000202   0x00000000   Code   RO         3347    .ARM.Collect$$libinit$$00000015  c_w.l(libinit2.o)
    0x08000202   0x08000202   0x00000000   Code   RO         3349    .ARM.Collect$$libinit$$00000017  c_w.l(libinit2.o)
    0x08000202   0x08000202   0x00000000   Code   RO         3351    .ARM.Collect$$libinit$$00000019  c_w.l(libinit2.o)
    0x08000202   0x08000202   0x00000000   Code   RO         3353    .ARM.Collect$$libinit$$0000001B  c_w.l(libinit2.o)
    0x08000202   0x08000202   0x00000000   Code   RO         3355    .ARM.Collect$$libinit$$0000001D  c_w.l(libinit2.o)
    0x08000202   0x08000202   0x00000000   Code   RO         3357    .ARM.Collect$$libinit$$0000001F  c_w.l(libinit2.o)
    0x08000202   0x08000202   0x00000000   Code   RO         3359    .ARM.Collect$$libinit$$00000021  c_w.l(libinit2.o)
    0x08000202   0x08000202   0x00000000   Code   RO         3361    .ARM.Collect$$libinit$$00000023  c_w.l(libinit2.o)
    0x08000202   0x08000202   0x00000000   Code   RO         3363    .ARM.Collect$$libinit$$00000025  c_w.l(libinit2.o)
    0x08000202   0x08000202   0x00000000   Code   RO         3367    .ARM.Collect$$libinit$$0000002C  c_w.l(libinit2.o)
    0x08000202   0x08000202   0x00000000   Code   RO         3369    .ARM.Collect$$libinit$$0000002E  c_w.l(libinit2.o)
    0x08000202   0x08000202   0x00000000   Code   RO         3371    .ARM.Collect$$libinit$$00000030  c_w.l(libinit2.o)
    0x08000202   0x08000202   0x00000000   Code   RO         3373    .ARM.Collect$$libinit$$00000032  c_w.l(libinit2.o)
    0x08000202   0x08000202   0x00000002   Code   RO         3374    .ARM.Collect$$libinit$$00000033  c_w.l(libinit2.o)
    0x08000204   0x08000204   0x00000002   Code   RO         3392    .ARM.Collect$$libshutdown$$00000000  c_w.l(libshutdown.o)
    0x08000206   0x08000206   0x00000000   Code   RO         3402    .ARM.Collect$$libshutdown$$00000002  c_w.l(libshutdown2.o)
    0x08000206   0x08000206   0x00000000   Code   RO         3404    .ARM.Collect$$libshutdown$$00000004  c_w.l(libshutdown2.o)
    0x08000206   0x08000206   0x00000000   Code   RO         3407    .ARM.Collect$$libshutdown$$00000007  c_w.l(libshutdown2.o)
    0x08000206   0x08000206   0x00000000   Code   RO         3410    .ARM.Collect$$libshutdown$$0000000A  c_w.l(libshutdown2.o)
    0x08000206   0x08000206   0x00000000   Code   RO         3412    .ARM.Collect$$libshutdown$$0000000C  c_w.l(libshutdown2.o)
    0x08000206   0x08000206   0x00000000   Code   RO         3415    .ARM.Collect$$libshutdown$$0000000F  c_w.l(libshutdown2.o)
    0x08000206   0x08000206   0x00000002   Code   RO         3416    .ARM.Collect$$libshutdown$$00000010  c_w.l(libshutdown2.o)
    0x08000208   0x08000208   0x00000000   Code   RO         3297    .ARM.Collect$$rtentry$$00000000  c_w.l(__rtentry.o)
    0x08000208   0x08000208   0x00000000   Code   RO         3301    .ARM.Collect$$rtentry$$00000002  c_w.l(__rtentry2.o)
    0x08000208   0x08000208   0x00000006   Code   RO         3313    .ARM.Collect$$rtentry$$00000004  c_w.l(__rtentry4.o)
    0x0800020e   0x0800020e   0x00000000   Code   RO         3303    .ARM.Collect$$rtentry$$00000009  c_w.l(__rtentry2.o)
    0x0800020e   0x0800020e   0x00000004   Code   RO         3304    .ARM.Collect$$rtentry$$0000000A  c_w.l(__rtentry2.o)
    0x08000212   0x08000212   0x00000000   Code   RO         3306    .ARM.Collect$$rtentry$$0000000C  c_w.l(__rtentry2.o)
    0x08000212   0x08000212   0x00000008   Code   RO         3307    .ARM.Collect$$rtentry$$0000000D  c_w.l(__rtentry2.o)
    0x0800021a   0x0800021a   0x00000002   Code   RO         3328    .ARM.Collect$$rtexit$$00000000  c_w.l(rtexit.o)
    0x0800021c   0x0800021c   0x00000000   Code   RO         3376    .ARM.Collect$$rtexit$$00000002  c_w.l(rtexit2.o)
    0x0800021c   0x0800021c   0x00000004   Code   RO         3377    .ARM.Collect$$rtexit$$00000003  c_w.l(rtexit2.o)
    0x08000220   0x08000220   0x00000006   Code   RO         3378    .ARM.Collect$$rtexit$$00000004  c_w.l(rtexit2.o)
    0x08000226   0x08000226   0x00000002   PAD
    0x08000228   0x08000228   0x00000040   Code   RO         3039    .text               startup_stm32f40_41xxx.o
    0x08000268   0x08000268   0x00000002   Code   RO         3287    .text               c_w.l(use_no_semi_2.o)
    0x0800026a   0x0800026a   0x0000008a   Code   RO         3289    .text               c_w.l(rt_memcpy_v6.o)
    0x080002f4   0x080002f4   0x00000006   Code   RO         3291    .text               c_w.l(heapauxi.o)
    0x080002fa   0x080002fa   0x00000002   Code   RO         3295    .text               c_w.l(use_no_semi.o)
    0x080002fc   0x080002fc   0x00000064   Code   RO         3298    .text               c_w.l(rt_memcpy_w.o)
    0x08000360   0x08000360   0x0000004a   Code   RO         3315    .text               c_w.l(sys_stackheap_outer.o)
    0x080003aa   0x080003aa   0x00000012   Code   RO         3317    .text               c_w.l(exit.o)
    0x080003bc   0x080003bc   0x00000008   Code   RO         3325    .text               c_w.l(libspace.o)
    0x080003c4   0x080003c4   0x00000078   Code   RO          442    i.ABS_Encoder_CalcAngle  abs_encoder.o
    0x0800043c   0x0800043c   0x000000d0   Code   RO          443    i.ABS_Encoder_CalcAvrgMecSpeed  abs_encoder.o
    0x0800050c   0x0800050c   0x00000128   Code   RO          444    i.ABS_Encoder_Calibration  abs_encoder.o
    0x08000634   0x08000634   0x00000050   Code   RO          445    i.ABS_Encoder_DMA_DataProcess  abs_encoder.o
    0x08000684   0x08000684   0x0000001c   Code   RO          446    i.ABS_Encoder_DMA_SendData  abs_encoder.o
    0x080006a0   0x080006a0   0x00000030   Code   RO          449    i.ABS_Encoder_Reset  abs_encoder.o
    0x080006d0   0x080006d0   0x00000006   Code   RO         2170    i.ADC_ClearFlag     stm32f4xx_adc.o
    0x080006d6   0x080006d6   0x00000014   Code   RO         2172    i.ADC_Cmd           stm32f4xx_adc.o
    0x080006ea   0x080006ea   0x00000002   PAD
    0x080006ec   0x080006ec   0x0000002c   Code   RO         2173    i.ADC_CommonInit    stm32f4xx_adc.o
    0x08000718   0x08000718   0x00000014   Code   RO         2176    i.ADC_DMACmd        stm32f4xx_adc.o
    0x0800072c   0x0800072c   0x00000014   Code   RO         2177    i.ADC_DMARequestAfterLastTransferCmd  stm32f4xx_adc.o
    0x08000740   0x08000740   0x00000018   Code   RO         2178    i.ADC_DeInit        stm32f4xx_adc.o
    0x08000758   0x08000758   0x0000000c   Code   RO         2182    i.ADC_ExternalTrigInjectedConvConfig  stm32f4xx_adc.o
    0x08000764   0x08000764   0x0000000c   Code   RO         2183    i.ADC_ExternalTrigInjectedConvEdgeConfig  stm32f4xx_adc.o
    0x08000770   0x08000770   0x0000000e   Code   RO         2185    i.ADC_GetFlagStatus  stm32f4xx_adc.o
    0x0800077e   0x0800077e   0x0000000e   Code   RO         2187    i.ADC_GetInjectedConversionValue  stm32f4xx_adc.o
    0x0800078c   0x0800078c   0x00000044   Code   RO          663    i.ADC_IRQHandler    adc.o
    0x080007d0   0x080007d0   0x00000012   Code   RO         2191    i.ADC_ITConfig      stm32f4xx_adc.o
    0x080007e2   0x080007e2   0x00000002   PAD
    0x080007e4   0x080007e4   0x0000004c   Code   RO         2192    i.ADC_Init          stm32f4xx_adc.o
    0x08000830   0x08000830   0x0000004a   Code   RO         2193    i.ADC_InjectedChannelConfig  stm32f4xx_adc.o
    0x0800087a   0x0800087a   0x00000010   Code   RO         2195    i.ADC_InjectedSequencerLengthConfig  stm32f4xx_adc.o
    0x0800088a   0x0800088a   0x00000074   Code   RO         2197    i.ADC_RegularChannelConfig  stm32f4xx_adc.o
    0x080008fe   0x080008fe   0x0000000a   Code   RO         2199    i.ADC_SoftwareStartConv  stm32f4xx_adc.o
    0x08000908   0x08000908   0x0000000a   Code   RO         2200    i.ADC_SoftwareStartInjectedConv  stm32f4xx_adc.o
    0x08000912   0x08000912   0x00000026   Code   RO          517    i.Angle_To_Cos_Sin  foc.o
    0x08000938   0x08000938   0x00000002   Code   RO         2936    i.BusFault_Handler  stm32f4xx_it.o
    0x0800093a   0x0800093a   0x00000002   PAD
    0x0800093c   0x0800093c   0x00000030   Code   RO          450    i.CRC8_ChkValue     abs_encoder.o
    0x0800096c   0x0800096c   0x00000040   Code   RO          518    i.Clarke_Transf     foc.o
    0x080009ac   0x080009ac   0x00000084   Code   RO          603    i.Current_PID_Calc  pid.o
    0x08000a30   0x08000a30   0x00000018   Code   RO         2538    i.DAC_Cmd           stm32f4xx_dac.o
    0x08000a48   0x08000a48   0x00000028   Code   RO         2546    i.DAC_Init          stm32f4xx_dac.o
    0x08000a70   0x08000a70   0x00000044   Code   RO          746    i.DMA1_Stream3_IRQHandler  uart.o
    0x08000ab4   0x08000ab4   0x0000004c   Code   RO          747    i.DMA2_Stream5_IRQHandler  uart.o
    0x08000b00   0x08000b00   0x00000044   Code   RO          748    i.DMA2_Stream7_IRQHandler  uart.o
    0x08000b44   0x08000b44   0x0000002c   Code   RO         2408    i.DMA_ClearFlag     stm32f4xx_dma.o
    0x08000b70   0x08000b70   0x00000014   Code   RO         2410    i.DMA_Cmd           stm32f4xx_dma.o
    0x08000b84   0x08000b84   0x00000124   Code   RO         2411    i.DMA_DeInit        stm32f4xx_dma.o
    0x08000ca8   0x08000ca8   0x0000000e   Code   RO         2415    i.DMA_GetCmdStatus  stm32f4xx_dma.o
    0x08000cb6   0x08000cb6   0x00000006   Code   RO         2416    i.DMA_GetCurrDataCounter  stm32f4xx_dma.o
    0x08000cbc   0x08000cbc   0x00000034   Code   RO         2419    i.DMA_GetFlagStatus  stm32f4xx_dma.o
    0x08000cf0   0x08000cf0   0x0000002c   Code   RO         2421    i.DMA_ITConfig      stm32f4xx_dma.o
    0x08000d1c   0x08000d1c   0x00000054   Code   RO         2422    i.DMA_Init          stm32f4xx_dma.o
    0x08000d70   0x08000d70   0x0000000a   Code   RO         2423    i.DMA_MemoryTargetConfig  stm32f4xx_dma.o
    0x08000d7a   0x08000d7a   0x00000004   Code   RO         2425    i.DMA_SetCurrDataCounter  stm32f4xx_dma.o
    0x08000d7e   0x08000d7e   0x00000002   Code   RO         2937    i.DebugMon_Handler  stm32f4xx_it.o
    0x08000d80   0x08000d80   0x00000004   Code   RO          332    i.Debug_Task        debug.o
    0x08000d84   0x08000d84   0x000000d8   Code   RO          519    i.FOC_Algorithm     foc.o
    0x08000e5c   0x08000e5c   0x00000014   Code   RO          520    i.FOC_Reset         foc.o
    0x08000e70   0x08000e70   0x000000a2   Code   RO          944    i.GPIO_Init         stm32f4xx_gpio.o
    0x08000f12   0x08000f12   0x00000020   Code   RO          945    i.GPIO_PinAFConfig  stm32f4xx_gpio.o
    0x08000f32   0x08000f32   0x0000000e   Code   RO          948    i.GPIO_ReadInputDataBit  stm32f4xx_gpio.o
    0x08000f40   0x08000f40   0x00000004   Code   RO          951    i.GPIO_ResetBits    stm32f4xx_gpio.o
    0x08000f44   0x08000f44   0x00000004   Code   RO          952    i.GPIO_SetBits      stm32f4xx_gpio.o
    0x08000f48   0x08000f48   0x00000008   Code   RO          954    i.GPIO_ToggleBits   stm32f4xx_gpio.o
    0x08000f50   0x08000f50   0x000000fc   Code   RO          522    i.Get_PhaseCurrentValues  foc.o
    0x0800104c   0x0800104c   0x0000000c   Code   RO          699    i.Get_Systick_Timer  timer.o
    0x08001058   0x08001058   0x00000024   Code   RO          523    i.Get_Vbus_Voltage  foc.o
    0x0800107c   0x0800107c   0x00000002   Code   RO         2938    i.HardFault_Handler  stm32f4xx_it.o
    0x0800107e   0x0800107e   0x00000014   Code   RO         2715    i.I2C_AcknowledgeConfig  stm32f4xx_i2c.o
    0x08001092   0x08001092   0x00000018   Code   RO         2718    i.I2C_CheckEvent    stm32f4xx_i2c.o
    0x080010aa   0x080010aa   0x00000006   Code   RO         2719    i.I2C_ClearFlag     stm32f4xx_i2c.o
    0x080010b0   0x080010b0   0x00000014   Code   RO         2721    i.I2C_Cmd           stm32f4xx_i2c.o
    0x080010c4   0x080010c4   0x00000044   Code   RO         2724    i.I2C_DeInit        stm32f4xx_i2c.o
    0x08001108   0x08001108   0x00000014   Code   RO         2729    i.I2C_GenerateSTART  stm32f4xx_i2c.o
    0x0800111c   0x0800111c   0x00000014   Code   RO         2730    i.I2C_GenerateSTOP  stm32f4xx_i2c.o
    0x08001130   0x08001130   0x0000002a   Code   RO         2731    i.I2C_GetFlagStatus  stm32f4xx_i2c.o
    0x0800115a   0x0800115a   0x00000002   PAD
    0x0800115c   0x0800115c   0x000000b8   Code   RO         2736    i.I2C_Init          stm32f4xx_i2c.o
    0x08001214   0x08001214   0x00000010   Code   RO         2743    i.I2C_Send7bitAddress  stm32f4xx_i2c.o
    0x08001224   0x08001224   0x00000004   Code   RO         2744    i.I2C_SendData      stm32f4xx_i2c.o
    0x08001228   0x08001228   0x00000098   Code   RO          383    i.IIC_AT24C02_BufferWrite  at24c02.o
    0x080012c0   0x080012c0   0x000000a8   Code   RO          385    i.IIC_AT24C02_PageWrite  at24c02.o
    0x08001368   0x08001368   0x00000048   Code   RO          387    i.IIC_Waite_AT24C02_Standby  at24c02.o
    0x080013b0   0x080013b0   0x00000020   Code   RO          196    i.Key_Config        key.o
    0x080013d0   0x080013d0   0x0000000a   Code   RO          197    i.Key_ParaInit      key.o
    0x080013da   0x080013da   0x00000094   Code   RO          198    i.Key_Scan          key.o
    0x0800146e   0x0800146e   0x00000002   PAD
    0x08001470   0x08001470   0x00000034   Code   RO          199    i.Key_Task          key.o
    0x080014a4   0x080014a4   0x0000000c   Code   RO          299    i.LED1_OFF          led.o
    0x080014b0   0x080014b0   0x0000000c   Code   RO          300    i.LED1_ON           led.o
    0x080014bc   0x080014bc   0x00000038   Code   RO          301    i.LED_Task          led.o
    0x080014f4   0x080014f4   0x00000004   Code   RO          244    i.MCL_HighFrequency_Task  motor.o
    0x080014f8   0x080014f8   0x00000124   Code   RO          245    i.MCL_MediumFrequency_Task  motor.o
    0x0800161c   0x0800161c   0x00000002   Code   RO         2939    i.MemManage_Handler  stm32f4xx_it.o
    0x0800161e   0x0800161e   0x00000002   PAD
    0x08001620   0x08001620   0x00000014   Code   RO          246    i.Motor_Init        motor.o
    0x08001634   0x08001634   0x00000044   Code   RO          247    i.Motor_Start       motor.o
    0x08001678   0x08001678   0x00000002   Code   RO         2940    i.NMI_Handler       stm32f4xx_it.o
    0x0800167a   0x0800167a   0x00000002   PAD
    0x0800167c   0x0800167c   0x00000064   Code   RO          899    i.NVIC_Init         misc.o
    0x080016e0   0x080016e0   0x00000014   Code   RO          900    i.NVIC_PriorityGroupConfig  misc.o
    0x080016f4   0x080016f4   0x00000050   Code   RO          604    i.PID_Init_Id       pid.o
    0x08001744   0x08001744   0x00000050   Code   RO          605    i.PID_Init_Iq       pid.o
    0x08001794   0x08001794   0x00000048   Code   RO          606    i.PID_Init_Speed    pid.o
    0x080017dc   0x080017dc   0x0000002c   Code   RO          607    i.PID_Reset         pid.o
    0x08001808   0x08001808   0x00000020   Code   RO          608    i.PID_init          pid.o
    0x08001828   0x08001828   0x0000001a   Code   RO          524    i.Park_Transf       foc.o
    0x08001842   0x08001842   0x00000002   Code   RO         2941    i.PendSV_Handler    stm32f4xx_it.o
    0x08001844   0x08001844   0x00000018   Code   RO         1041    i.RCC_AHB1PeriphClockCmd  stm32f4xx_rcc.o
    0x0800185c   0x0800185c   0x00000018   Code   RO         1050    i.RCC_APB1PeriphClockCmd  stm32f4xx_rcc.o
    0x08001874   0x08001874   0x00000018   Code   RO         1052    i.RCC_APB1PeriphResetCmd  stm32f4xx_rcc.o
    0x0800188c   0x0800188c   0x00000018   Code   RO         1053    i.RCC_APB2PeriphClockCmd  stm32f4xx_rcc.o
    0x080018a4   0x080018a4   0x00000018   Code   RO         1055    i.RCC_APB2PeriphResetCmd  stm32f4xx_rcc.o
    0x080018bc   0x080018bc   0x00000090   Code   RO         1062    i.RCC_GetClocksFreq  stm32f4xx_rcc.o
    0x0800194c   0x0800194c   0x0000001a   Code   RO          525    i.Rev_Park_Transf   foc.o
    0x08001966   0x08001966   0x00000002   Code   RO         2942    i.SVC_Handler       stm32f4xx_it.o
    0x08001968   0x08001968   0x0000020c   Code   RO          526    i.SVPWM_Calc        foc.o
    0x08001b74   0x08001b74   0x00000130   Code   RO          248    i.SVPWM_CurrentReadingCalibration  motor.o
    0x08001ca4   0x08001ca4   0x000000b4   Code   RO         3001    i.SetSysClock       system_stm32f4xx.o
    0x08001d58   0x08001d58   0x00000084   Code   RO          609    i.Speed_PID_Calc    pid.o
    0x08001ddc   0x08001ddc   0x00000002   Code   RO         2943    i.SysTick_Handler   stm32f4xx_it.o
    0x08001dde   0x08001dde   0x00000002   PAD
    0x08001de0   0x08001de0   0x0000005c   Code   RO         3003    i.SystemInit        system_stm32f4xx.o
    0x08001e3c   0x08001e3c   0x00000040   Code   RO          700    i.TIM7_IRQHandler   timer.o
    0x08001e7c   0x08001e7c   0x00000022   Code   RO         1434    i.TIM_BDTRConfig    stm32f4xx_tim.o
    0x08001e9e   0x08001e9e   0x00000006   Code   RO         1439    i.TIM_ClearFlag     stm32f4xx_tim.o
    0x08001ea4   0x08001ea4   0x00000006   Code   RO         1440    i.TIM_ClearITPendingBit  stm32f4xx_tim.o
    0x08001eaa   0x08001eaa   0x00000014   Code   RO         1445    i.TIM_Cmd           stm32f4xx_tim.o
    0x08001ebe   0x08001ebe   0x00000016   Code   RO         1447    i.TIM_CtrlPWMOutputs  stm32f4xx_tim.o
    0x08001ed4   0x08001ed4   0x00000004   Code   RO         1459    i.TIM_GenerateEvent  stm32f4xx_tim.o
    0x08001ed8   0x08001ed8   0x00000018   Code   RO         1466    i.TIM_GetITStatus   stm32f4xx_tim.o
    0x08001ef0   0x08001ef0   0x00000010   Code   RO         1470    i.TIM_ITConfig      stm32f4xx_tim.o
    0x08001f00   0x08001f00   0x00000060   Code   RO         1474    i.TIM_OC1Init       stm32f4xx_tim.o
    0x08001f60   0x08001f60   0x0000000c   Code   RO         1477    i.TIM_OC1PreloadConfig  stm32f4xx_tim.o
    0x08001f6c   0x08001f6c   0x00000080   Code   RO         1479    i.TIM_OC2Init       stm32f4xx_tim.o
    0x08001fec   0x08001fec   0x00000014   Code   RO         1482    i.TIM_OC2PreloadConfig  stm32f4xx_tim.o
    0x08002000   0x08002000   0x0000007c   Code   RO         1484    i.TIM_OC3Init       stm32f4xx_tim.o
    0x0800207c   0x0800207c   0x0000000c   Code   RO         1487    i.TIM_OC3PreloadConfig  stm32f4xx_tim.o
    0x08002088   0x08002088   0x00000060   Code   RO         1489    i.TIM_OC4Init       stm32f4xx_tim.o
    0x080020e8   0x080020e8   0x00000014   Code   RO         1491    i.TIM_OC4PreloadConfig  stm32f4xx_tim.o
    0x080020fc   0x080020fc   0x0000007c   Code   RO         1517    i.TIM_TimeBaseInit  stm32f4xx_tim.o
    0x08002178   0x08002178   0x00000094   Code   RO          749    i.USART3_IRQHandler  uart.o
    0x0800220c   0x0800220c   0x00000006   Code   RO         1978    i.USART_ClearFlag   stm32f4xx_usart.o
    0x08002212   0x08002212   0x00000014   Code   RO         1982    i.USART_Cmd         stm32f4xx_usart.o
    0x08002226   0x08002226   0x00000010   Code   RO         1983    i.USART_DMACmd      stm32f4xx_usart.o
    0x08002236   0x08002236   0x0000000e   Code   RO         1985    i.USART_GetFlagStatus  stm32f4xx_usart.o
    0x08002244   0x08002244   0x0000003e   Code   RO         1986    i.USART_GetITStatus  stm32f4xx_usart.o
    0x08002282   0x08002282   0x00000030   Code   RO         1988    i.USART_ITConfig    stm32f4xx_usart.o
    0x080022b2   0x080022b2   0x00000002   PAD
    0x080022b4   0x080022b4   0x000000ac   Code   RO         1989    i.USART_Init        stm32f4xx_usart.o
    0x08002360   0x08002360   0x00000008   Code   RO         1996    i.USART_ReceiveData  stm32f4xx_usart.o
    0x08002368   0x08002368   0x00000038   Code   RO          750    i.Uart1_DMASendConfig  uart.o
    0x080023a0   0x080023a0   0x00000044   Code   RO          751    i.Uart3_DMASendConfig  uart.o
    0x080023e4   0x080023e4   0x00000068   Code   RO          334    i.Uart_ReceiveDataParse  debug.o
    0x0800244c   0x0800244c   0x00000020   Code   RO          335    i.Uart_SendWave     debug.o
    0x0800246c   0x0800246c   0x00000002   Code   RO         2944    i.UsageFault_Handler  stm32f4xx_it.o
    0x0800246e   0x0800246e   0x00000002   Code   RO          752    i._sys_exit         uart.o
    0x08002470   0x08002470   0x000001b0   Code   RO          664    i.adc_init          adc.o
    0x08002620   0x08002620   0x00000078   Code   RO         3045    i.arm_cos_f32       arm_cos_f32.o
    0x08002698   0x08002698   0x00000074   Code   RO         3072    i.arm_sin_f32       arm_sin_f32.o
    0x0800270c   0x0800270c   0x00000068   Code   RO          853    i.dac_init          dac.o
    0x08002774   0x08002774   0x0000009c   Code   RO          833    i.gpio_init         gpio.o
    0x08002810   0x08002810   0x0000009c   Code   RO          879    i.iic_init          i2c.o
    0x080028ac   0x080028ac   0x0000005c   Code   RO            5    i.main              main.o
    0x08002908   0x08002908   0x000001c0   Code   RO          701    i.timer1_init       timer.o
    0x08002ac8   0x08002ac8   0x0000005c   Code   RO          702    i.timer7_init       timer.o
    0x08002b24   0x08002b24   0x00000014   Code   RO          703    i.timer_init        timer.o
    0x08002b38   0x08002b38   0x000001b8   Code   RO          754    i.uart1_init        uart.o
    0x08002cf0   0x08002cf0   0x000001c0   Code   RO          755    i.uart3_init        uart.o
    0x08002eb0   0x08002eb0   0x0000000a   Code   RO         3384    x$fpl$fpinit        g_wm.l(fpinit.o)
    0x08002eba   0x08002eba   0x00000002   PAD
    0x08002ebc   0x08002ebc   0x00000804   Data   RO         3262    .constdata          arm_cortexM4lf_math.lib(arm_common_tables.o)
    0x080036c0   0x080036c0   0x00000020   Data   RO         3448    Region$$Table       anon$$obj.o


    Execution Region RW_IRAM2 (Exec base: 0x10000000, Load base: 0x08003764, Size: 0x00000000, Max: 0x00010000, ABSOLUTE)

    **** No section assigned to this execution region ****


    Execution Region RW_IRAM1 (Exec base: 0x20000000, Load base: 0x080036e0, Size: 0x00000840, Max: 0x00020000, ABSOLUTE)

    Exec Addr    Load Addr    Size         Type   Attr      Idx    E Section Name        Object

    0x20000000   0x080036e0   0x00000004   Data   RW            6    .data               main.o
    0x20000004   0x080036e4   0x00000004   Data   RW          201    .data               key.o
    0x20000008   0x080036e8   0x00000019   Data   RW          249    .data               motor.o
    0x20000021   0x08003701   0x00000003   PAD
    0x20000024   0x08003704   0x00000004   Data   RW          302    .data               led.o
    0x20000028   0x08003708   0x0000000c   Data   RW          337    .data               debug.o
    0x20000034   0x08003714   0x00000004   Data   RW          452    .data               abs_encoder.o
    0x20000038   0x08003718   0x0000002c   Data   RW          528    .data               foc.o
    0x20000064   0x08003744   0x00000004   Data   RW          665    .data               adc.o
    0x20000068   0x08003748   0x00000008   Data   RW          704    .data               timer.o
    0x20000070   0x08003750   0x00000004   Data   RW          757    .data               uart.o
    0x20000074   0x08003754   0x00000010   Data   RW         1094    .data               stm32f4xx_rcc.o
    0x20000084        -       0x00000010   Zero   RW          200    .bss                key.o
    0x20000094        -       0x00000040   Zero   RW          336    .bss                debug.o
    0x200000d4        -       0x00000048   Zero   RW          451    .bss                abs_encoder.o
    0x2000011c        -       0x00000038   Zero   RW          527    .bss                foc.o
    0x20000154        -       0x00000078   Zero   RW          610    .bss                pid.o
    0x200001cc        -       0x00000010   Zero   RW          756    .bss                uart.o
    0x200001dc        -       0x00000060   Zero   RW         3326    .bss                c_w.l(libspace.o)
    0x2000023c   0x08003764   0x00000004   PAD
    0x20000240        -       0x00000200   Zero   RW         3037    HEAP                startup_stm32f40_41xxx.o
    0x20000440        -       0x00000400   Zero   RW         3036    STACK               startup_stm32f40_41xxx.o


==============================================================================

Image component sizes


      Code (inc. data)   RO Data    RW Data    ZI Data      Debug   Object Name

       828        116          0          4         72       6608   abs_encoder.o
       500         30          0          4          0       1996   adc.o
       120         12          0          0          0        690   arm_cos_f32.o
       116         12          0          0          0        690   arm_sin_f32.o
       392         24          0          0          0       2582   at24c02.o
       104          4          0          0          0        603   dac.o
       140         24          0         12         64       2622   debug.o
      1202        136          0         44         56      21316   foc.o
       156         12          0          0          0        584   gpio.o
       156         12          0          0          0        623   i2c.o
       242         18          0          4         16       3307   key.o
        80         18          0          4          0       1356   led.o
        92         10          0          4          0     321913   main.o
       120         14          0          0          0       1435   misc.o
       688         70          0         25          0       5939   motor.o
       572         78          0          0        120       5920   pid.o
        64         26        392          0       1536        824   startup_stm32f40_41xxx.o
       506         20          0          0          0      11422   stm32f4xx_adc.o
        64          8          0          0          0       1749   stm32f4xx_dac.o
       570         48          0          0          0       7511   stm32f4xx_dma.o
       224          0          0          0          0       3957   stm32f4xx_gpio.o
       424         22          0          0          0       7135   stm32f4xx_i2c.o
        18          0          0          0          0       4046   stm32f4xx_it.o
       264         42          0         16          0       5769   stm32f4xx_rcc.o
       764         60          0          0          0      11835   stm32f4xx_tim.o
       346          8          0          0          0       5953   stm32f4xx_usart.o
       272         36          0          0          0       1501   system_stm32f4xx.o
       636         32          0          8          0       3273   timer.o
      1374        136          0          4         16       7701   uart.o

    ----------------------------------------------------------------------
     11052       1028        424        132       1880     450860   Object Totals
         0          0         32          0          0          0   (incl. Generated)
        18          0          0          3          0          0   (incl. Padding)

    ----------------------------------------------------------------------

      Code (inc. data)   RO Data    RW Data    ZI Data      Debug   Library Member Name

         0          0          0          0          0      16316   arm_cfft_radix8_f32.o
         0          0       2052          0          0       4636   arm_common_tables.o
         8          0          0          0          0         68   __main.o
         0          0          0          0          0          0   __rtentry.o
        12          0          0          0          0          0   __rtentry2.o
         6          0          0          0          0          0   __rtentry4.o
        52          8          0          0          0          0   __scatter.o
        26          0          0          0          0          0   __scatter_copy.o
        28          0          0          0          0          0   __scatter_zi.o
        18          0          0          0          0         80   exit.o
         6          0          0          0          0        152   heapauxi.o
         2          0          0          0          0          0   libinit.o
         6          0          0          0          0          0   libinit2.o
         2          0          0          0          0          0   libshutdown.o
         2          0          0          0          0          0   libshutdown2.o
         8          4          0          0         96         68   libspace.o
       138          0          0          0          0         68   rt_memcpy_v6.o
       100          0          0          0          0         80   rt_memcpy_w.o
         2          0          0          0          0          0   rtexit.o
        10          0          0          0          0          0   rtexit2.o
        74          0          0          0          0         80   sys_stackheap_outer.o
         2          0          0          0          0         68   use_no_semi.o
         2          0          0          0          0         68   use_no_semi_2.o
        10          0          0          0          0        116   fpinit.o

    ----------------------------------------------------------------------
       520         12       2052          0        100      21800   Library Totals
         6          0          0          0          4          0   (incl. Padding)

    ----------------------------------------------------------------------

      Code (inc. data)   RO Data    RW Data    ZI Data      Debug   Library Name

         0          0       2052          0          0      20952   arm_cortexM4lf_math.lib
       504         12          0          0         96        732   c_w.l
        10          0          0          0          0        116   g_wm.l

    ----------------------------------------------------------------------
       520         12       2052          0        100      21800   Library Totals

    ----------------------------------------------------------------------

==============================================================================


      Code (inc. data)   RO Data    RW Data    ZI Data      Debug   

     11572       1040       2476        132       1980     458800   Grand Totals
     11572       1040       2476        132       1980     458800   ELF Image Totals
     11572       1040       2476        132          0          0   ROM Totals

==============================================================================

    Total RO  Size (Code + RO Data)                14048 (  13.72kB)
    Total RW  Size (RW Data + ZI Data)              2112 (   2.06kB)
    Total ROM Size (Code + RO Data + RW Data)      14180 (  13.85kB)

==============================================================================

